C51 COMPILER V9.54   BUZZER                                                                12/04/2020 22:56:48 PAGE 1   


C51 COMPILER V9.54, COMPILATION OF MODULE BUZZER
OBJECT MODULE PLACED IN ..\Objects\Buzzer.obj
COMPILER INVOKED BY: C:\Keil_v5\C51\BIN\C51.EXE ..\User\System\Buzzer.c LARGE OPTIMIZE(8,SPEED) BROWSE INCDIR(..\User\Sy
                    -stem;..\User\Sensor;..\User\Rtc;..\User\Radio;..\User\Oled;..\User\Bluetooth;..\User) DEBUG OBJECTEXTEND PRINT(..\Listin
                    -gs\Buzzer.lst) TABS(2) OBJECT(..\Objects\Buzzer.obj)

line level    source

   1          #include "stc8a.h"
   2          #include "Buzzer.h"
   3          
   4          sbit  buzzer = P2^6;
   5          
   6          #define BUZZER_FQ 4000    //蜂鸣器谐振频率4kHz
   7          #define Focs  24000000    //系统频率24mHz
   8          #define Fdiv  1           //PWM计数器分频系数
   9          #define PWM_CNT (Focs / (BUZZER_FQ * Fdiv))
  10          #define PWM_duty  0.5
  11          
  12          bit bee_en = 0;
  13          unsigned char bee_mode = 0;
  14          unsigned int bee_time = 0;
  15          
  16          
  17          void BuzzerInit(void)
  18          {
  19   1        P_SW2 |= 0x80;
  20   1        //设置PWM的频率
  21   1        PWMCKS = 0x00;        //PWM计数器时钟为系统时钟1分频
  22   1        PWMC = PWM_CNT;       //设置PWM计数器
  23   1        //使能PWM引脚
  24   1        PWM6CR = 0x80;
  25   1        //设置PWM占空比
  26   1        PWM6T1 = 0x0000;
  27   1        PWM6T2 = (unsigned int)(PWM_CNT * PWM_duty);
  28   1        //PWMCR = 0x80;   //PWM计数器开始计数
  29   1        P_SW2 &= ~0x80;
  30   1        
  31   1        T4T3M |= 0x20;    //定时器时钟1T模式
  32   1        T4L = 0x40;   //设置定时初值
  33   1        T4H = 0xA2;   //设置定时初值
  34   1        IE2 |= ET4;
  35   1        bee_en = 0;
  36   1      }
  37          void BuzzerOnOff(unsigned char b)
  38          {
  39   1        P_SW2 |= 0x80;
  40   1        if(b == 1)
  41   1        {
  42   2          PWMCR |= 0x80;    //PWM计数器开始计数
  43   2        }
  44   1        else
  45   1        {
  46   2          PWMCR &= ~0x80;   //PWM计数器停止计数
  47   2          buzzer = 0;
  48   2        }
  49   1        P_SW2 &= ~0x80;
  50   1      }
  51          void TM4_Isr() interrupt 20 using 1
  52          {
  53   1        AUXINTIF &= ~T4IF;   //清中断标志
C51 COMPILER V9.54   BUZZER                                                                12/04/2020 22:56:48 PAGE 2   

  54   1        if(bee_mode == 0)
  55   1        {
  56   2          if(++bee_time == 200)
  57   2          {
  58   3            bee_time = 0;
  59   3            BuzzerOnOff(0);
  60   3            T4T3M &= ~0x80;
  61   3          }
  62   2        }
  63   1        else if(bee_mode == 1)
  64   1        {
  65   2          if(bee_time < 600)
  66   2          {
  67   3            if(bee_time % 100 == 0)
  68   3            {
  69   4              BuzzerOnOff(((bee_time / 100) % 2) ^ 0x01);
  70   4              P20 = ((bee_time / 100) % 2);
  71   4            }
  72   3          }
  73   2          if(++bee_time == 1000)
  74   2          {
  75   3            bee_time = 0;
  76   3          }
  77   2        }
  78   1      }
  79          void Bee(void)
  80          {
  81   1        bee_mode = 0;
  82   1        bee_time = 0;
  83   1        if(bee_en)
  84   1        {
  85   2          BuzzerOnOff(1);
  86   2          T4T3M |= 0x80;
  87   2        }
  88   1      }
  89          void Beebeebee(void)
  90          {
  91   1        bee_mode = 1;
  92   1        bee_time = 0;
  93   1        //BuzzerOnOff(1);
  94   1        T4T3M |= 0x80;
  95   1      }
  96          void EnableBuzzer(unsigned char k)
  97          {
  98   1        if(k)
  99   1          bee_en = 1;
 100   1        else
 101   1          bee_en = 0;
 102   1      }


MODULE INFORMATION:   STATIC OVERLAYABLE
   CODE SIZE        =    288    ----
   CONSTANT SIZE    =   ----    ----
   XDATA SIZE       =      3    ----
   PDATA SIZE       =   ----    ----
   DATA SIZE        =   ----    ----
   IDATA SIZE       =   ----    ----
   BIT SIZE         =      1    ----
END OF MODULE INFORMATION.


C51 COMPILATION COMPLETE.  0 WARNING(S),  0 ERROR(S)
