BL51 BANKED LINKER/LOCATER V6.22                                                        12/04/2020  22:56:49  PAGE 1


BL51 BANKED LINKER/LOCATER V6.22, INVOKED BY:
C:\KEIL_V5\C51\BIN\BL51.EXE ..\Objects\PW02.obj, ..\Objects\BME280.obj, ..\Objects\Ellipsoid fitting.obj, ..\Objects\HMC
>> 5883L.obj, ..\Objects\LSM6DSM.obj, ..\Objects\oled.obj, ..\Objects\PCF8563.obj, ..\Objects\RDA5807M.obj, ..\Objects\B
>> uzzer.obj, ..\Objects\Delay.obj, ..\Objects\Display.obj, ..\Objects\EEPROM.obj, ..\Objects\IIC.obj, ..\Objects\PowerM
>> anage.obj, ..\Objects\Sys.obj, ..\Objects\main.obj TO ..\Objects\iWatch-v1.1 PRINT (..\Listings\iWatch-v1.m51) RAMSIZ
>> E (256)


MEMORY MODEL: LARGE WITH FLOATING POINT ARITHMETIC


INPUT MODULES INCLUDED:
  ..\Objects\PW02.obj (PW02)
  ..\Objects\BME280.obj (BME280)
  ..\Objects\Ellipsoid fitting.obj (ELLIPSOID_FITTING)
  ..\Objects\HMC5883L.obj (HMC5883L)
  ..\Objects\LSM6DSM.obj (LSM6DSM)
  ..\Objects\oled.obj (OLED)
  ..\Objects\PCF8563.obj (PCF8563)
  ..\Objects\RDA5807M.obj (RDA5807M)
  ..\Objects\Buzzer.obj (BUZZER)
  ..\Objects\Delay.obj (DELAY)
  ..\Objects\Display.obj (DISPLAY)
  ..\Objects\EEPROM.obj (EEPROM)
  ..\Objects\IIC.obj (IIC)
  ..\Objects\PowerManage.obj (POWERMANAGE)
  ..\Objects\Sys.obj (SYS)
  ..\Objects\main.obj (MAIN)
  C:\KEIL_V5\C51\LIB\C51FPL.LIB (?C?FPADD)
  C:\KEIL_V5\C51\LIB\C51FPL.LIB (?C?FPMUL)
  C:\KEIL_V5\C51\LIB\C51FPL.LIB (?C?FPDIV)
  C:\KEIL_V5\C51\LIB\C51FPL.LIB (?C?FPCMP)
  C:\KEIL_V5\C51\LIB\C51FPL.LIB (?C?FPNEG)
  C:\KEIL_V5\C51\LIB\C51FPL.LIB (?C?FCAST)
  C:\KEIL_V5\C51\LIB\C51FPL.LIB (?C?CASTF)
  C:\KEIL_V5\C51\LIB\C51FPL.LIB (PRINTF)
  C:\KEIL_V5\C51\LIB\C51FPL.LIB (SQRT)
  C:\KEIL_V5\C51\LIB\C51FPL.LIB (ATAN2)
  C:\KEIL_V5\C51\LIB\C51FPL.LIB (SIN)
  C:\KEIL_V5\C51\LIB\C51FPL.LIB (ATAN)
  C:\KEIL_V5\C51\LIB\C51FPL.LIB (ASIN)
  C:\KEIL_V5\C51\LIB\C51FPL.LIB (POW)
  C:\KEIL_V5\C51\LIB\C51FPL.LIB (?C?FPGETOPN)
  C:\KEIL_V5\C51\LIB\C51FPL.LIB (?C?CHKFLOAT)
  C:\KEIL_V5\C51\LIB\C51FPL.LIB (?C?FPROUND)
  C:\KEIL_V5\C51\LIB\C51FPL.LIB (?C?FPCONVERT)
  C:\KEIL_V5\C51\LIB\C51FPL.LIB (?C?FPSERIES)
  C:\KEIL_V5\C51\LIB\C51FPL.LIB (EXP)
  C:\KEIL_V5\C51\LIB\C51FPL.LIB (LOG)
  C:\KEIL_V5\C51\LIB\C51FPL.LIB (?C?FTNPWR)
  C:\KEIL_V5\C51\LIB\C51L.LIB (?C_STARTUP)
  C:\KEIL_V5\C51\LIB\C51L.LIB (?C?COPY)
  C:\KEIL_V5\C51\LIB\C51L.LIB (?C?CLDPTR)
  C:\KEIL_V5\C51\LIB\C51L.LIB (?C?CLDOPTR)
  C:\KEIL_V5\C51\LIB\C51L.LIB (?C?CILDOPTR)
  C:\KEIL_V5\C51\LIB\C51L.LIB (?C?CSTPTR)
  C:\KEIL_V5\C51\LIB\C51L.LIB (?C?CSTOPTR)
  C:\KEIL_V5\C51\LIB\C51L.LIB (?C?UIDIV)
BL51 BANKED LINKER/LOCATER V6.22                                                      12/04/2020  22:56:49  PAGE 2


  C:\KEIL_V5\C51\LIB\C51L.LIB (?C?SIDIV)
  C:\KEIL_V5\C51\LIB\C51L.LIB (?C?IILDX)
  C:\KEIL_V5\C51\LIB\C51L.LIB (?C?ILDIX)
  C:\KEIL_V5\C51\LIB\C51L.LIB (?C?ILDPTR)
  C:\KEIL_V5\C51\LIB\C51L.LIB (?C?ILDOPTR)
  C:\KEIL_V5\C51\LIB\C51L.LIB (?C?ISTPTR)
  C:\KEIL_V5\C51\LIB\C51L.LIB (?C?ISTOPTR)
  C:\KEIL_V5\C51\LIB\C51L.LIB (?C?LMUL)
  C:\KEIL_V5\C51\LIB\C51L.LIB (?C?SLDIV)
  C:\KEIL_V5\C51\LIB\C51L.LIB (?C?LNEG)
  C:\KEIL_V5\C51\LIB\C51L.LIB (?C?SLCMP)
  C:\KEIL_V5\C51\LIB\C51L.LIB (?C?SLSHR)
  C:\KEIL_V5\C51\LIB\C51L.LIB (?C?LSHL)
  C:\KEIL_V5\C51\LIB\C51L.LIB (?C?LLDPTR)
  C:\KEIL_V5\C51\LIB\C51L.LIB (?C?LLDOPTR)
  C:\KEIL_V5\C51\LIB\C51L.LIB (?C?LSTPTR)
  C:\KEIL_V5\C51\LIB\C51L.LIB (?C?LSTOPTR)
  C:\KEIL_V5\C51\LIB\C51L.LIB (?C?LLDIDATA)
  C:\KEIL_V5\C51\LIB\C51L.LIB (?C?LLDXDATA)
  C:\KEIL_V5\C51\LIB\C51L.LIB (?C?LLDCODE)
  C:\KEIL_V5\C51\LIB\C51L.LIB (?C?LLDIDATA0)
  C:\KEIL_V5\C51\LIB\C51L.LIB (?C?LLDXDATA0)
  C:\KEIL_V5\C51\LIB\C51L.LIB (?C?LLDCODE0)
  C:\KEIL_V5\C51\LIB\C51L.LIB (?C?LSTIDATA)
  C:\KEIL_V5\C51\LIB\C51L.LIB (?C?LSTXDATA)
  C:\KEIL_V5\C51\LIB\C51L.LIB (?C?LSTKXDATA)
  C:\KEIL_V5\C51\LIB\C51L.LIB (?C?OFFXADD)
  C:\KEIL_V5\C51\LIB\C51L.LIB (?C?PLDIXDATA)
  C:\KEIL_V5\C51\LIB\C51L.LIB (?C?PSTXDATA)
  C:\KEIL_V5\C51\LIB\C51L.LIB (?C?CCASE)
  C:\KEIL_V5\C51\LIB\C51L.LIB (PUTCHAR)
  C:\KEIL_V5\C51\LIB\C51L.LIB (RAND)
  C:\KEIL_V5\C51\LIB\C51L.LIB (STRCAT)
  C:\KEIL_V5\C51\LIB\C51L.LIB (?C?STRCPY)
  C:\KEIL_V5\C51\LIB\C51L.LIB (?C?MEMCMP)
  C:\KEIL_V5\C51\LIB\C51L.LIB (?C_INIT)
  C:\KEIL_V5\C51\LIB\C51L.LIB (?C?ULDIV)
  C:\KEIL_V5\C51\LIB\C51L.LIB (?C?LLDPDATA)
  C:\KEIL_V5\C51\LIB\C51L.LIB (?C?LSTPDATA)


LINK MAP OF MODULE:  ..\Objects\iWatch-v1.1 (PW02)


            TYPE    BASE      LENGTH    RELOCATION   SEGMENT NAME
            -----------------------------------------------------

            * * * * * * *   D A T A   M E M O R Y   * * * * * * *
            REG     0000H     0008H     ABSOLUTE     "REG BANK 0"
            REG     0008H     0008H     ABSOLUTE     "REG BANK 1"
            DATA    0010H     0002H     UNIT         ?DT?IIC
                    0012H     000EH                  *** GAP ***
            BIT     0020H.0   0002H.6   UNIT         ?BI?MAIN
            BIT     0022H.6   0001H.1   UNIT         _BIT_GROUP_
            BIT     0023H.7   0000H.2   UNIT         ?BI?PW02
            BIT     0024H.1   0000H.1   UNIT         ?BI?BUZZER
                    0024H.2   0000H.6                *** GAP ***
BL51 BANKED LINKER/LOCATER V6.22                                                      12/04/2020  22:56:49  PAGE 3


            DATA    0025H     0016H     UNIT         _DATA_GROUP_
            IDATA   003BH     0030H     UNIT         _IDATA_GROUP_
            IDATA   006BH     001CH     UNIT         ?ID?LSM6DSM
            IDATA   0087H     0001H     UNIT         ?STACK

            * * * * * * *  X D A T A   M E M O R Y  * * * * * * *
            XDATA   0000H     0C08H     UNIT         ?XD?DISPLAY
            XDATA   0C08H     035EH     UNIT         ?XD?MAIN
            XDATA   0F66H     00E3H     UNIT         _XDATA_GROUP_
            XDATA   1049H     00DAH     UNIT         ?XD?ELLIPSOID_FITTING
            XDATA   1123H     0081H     UNIT         ?XD?PW02
            XDATA   11A4H     0075H     UNIT         ?XD?SYS
            XDATA   1219H     0054H     UNIT         ?XD?POWERMANAGE
            XDATA   126DH     0036H     UNIT         ?XD?BME280
            XDATA   12A3H     0018H     UNIT         ?XD?RDA5807M
            XDATA   12BBH     0013H     UNIT         ?XD?HMC5883L
            XDATA   12CEH     0009H     UNIT         ?XD?BME280_CAL_MEAS_DELAY?BME280
            XDATA   12D7H     0004H     UNIT         ?XD?RAND?RAND
            XDATA   12DBH     0003H     UNIT         ?XD?_BME280SINGLEMEASUREMENT?BME280
            XDATA   12DEH     0003H     UNIT         ?XD?BUZZER

            * * * * * * *   C O D E   M E M O R Y   * * * * * * *
            CODE    0000H     0003H     ABSOLUTE     
            CODE    0003H     0003H     ABSOLUTE     
            CODE    0006H     0004H     UNIT         ?PR?MCUSOFTRESET?SYS
                    000AH     0001H                  *** GAP ***
            CODE    000BH     0003H     ABSOLUTE     
            CODE    000EH     0004H     UNIT         ?PR?ENABLEWATCHDOG?SYS
                    0012H     0001H                  *** GAP ***
            CODE    0013H     0003H     ABSOLUTE     
            CODE    0016H     002BH     UNIT         ?PR?_I2C_NOADDR_READ_MULTIBYTES?IIC
                    0041H     0002H                  *** GAP ***
            CODE    0043H     0003H     ABSOLUTE     
            CODE    0046H     000DH     UNIT         ?PR?_HMC5883L_WRITE_BYTE?HMC5883L
            CODE    0053H     0003H     ABSOLUTE     
            CODE    0056H     0004H     UNIT         ?PR?FEEDWATCHDOG?SYS
                    005AH     0001H                  *** GAP ***
            CODE    005BH     0003H     ABSOLUTE     
            CODE    005EH     003DH     UNIT         ?PR?_UART2SENDSTR?PW02
            CODE    009BH     0003H     ABSOLUTE     
            CODE    009EH     0003H     UNIT         ?PR?_SCREENREFRESHALL?DISPLAY
                    00A1H     0002H                  *** GAP ***
            CODE    00A3H     0003H     ABSOLUTE     
            CODE    00A6H     4443H     UNIT         ?PR?MAIN?MAIN
            CODE    44E9H     233EH     UNIT         ?CO?MAIN
            CODE    6827H     0E96H     UNIT         ?C?LIB_CODE
            CODE    76BDH     0E4EH     UNIT         ?C_INITSEG
            CODE    850BH     0C4AH     UNIT         ?CO?DISPLAY
            CODE    9155H     0872H     UNIT         ?PR?_IMUUPDATE?LSM6DSM
            CODE    99C7H     0483H     UNIT         ?PR?PRINTF?PRINTF
            CODE    9E4AH     03FDH     UNIT         ?PR?_SCREENPUSHANIMATION?DISPLAY
            CODE    A247H     03B9H     UNIT         ?PR?COMPENSATE_PRESSURE?BME280
            CODE    A600H     037FH     UNIT         ?PR?_ELLIPSOID_FITTING_PROCESS?ELLIPSOID_FITTING
            CODE    A97FH     0334H     UNIT         ?PR?_SHOWSTRING?DISPLAY
            CODE    ACB3H     0282H     UNIT         ?PR?_DRAWLINE?DISPLAY
            CODE    AF35H     026AH     UNIT         ?PR?_DISPLAYTIME?DISPLAY
            CODE    B19FH     0252H     UNIT         ?PR?COMPENSATE_HUMIDITY?BME280
BL51 BANKED LINKER/LOCATER V6.22                                                      12/04/2020  22:56:49  PAGE 4


            CODE    B3F1H     0240H     UNIT         ?PR?_HMC5883L_GET_ANGLEXY?HMC5883L
            CODE    B631H     01FEH     UNIT         ?PR?_DRAWARM?DISPLAY
            CODE    B82FH     01F2H     UNIT         ?PR?_DRAWSELECTIONFRAME?DISPLAY
            CODE    BA21H     01EBH     UNIT         ?PR?_BMPTOCACHE?DISPLAY
            CODE    BC0CH     01DBH     UNIT         ?PR?COMPENSATE_TEMPERATURE?BME280
            CODE    BDE7H     018FH     UNIT         ?PR?GETBATTERYLIFE?POWERMANAGE
            CODE    BF76H     018CH     UNIT         ?PR?_MATRIX_SOLVE?ELLIPSOID_FITTING
            CODE    C102H     0188H     UNIT         ?PR?SIN?SIN
            CODE    C28AH     0180H     UNIT         ?PR?BME280READCOMPENSATIONPARAMETER?BME280
            CODE    C40AH     0173H     UNIT         ?PR?_CALCDATA_INPUT?ELLIPSOID_FITTING
            CODE    C57DH     0166H     UNIT         ?PR?_POW?POW
            CODE    C6E3H     014BH     UNIT         ?PR?_READ_HMC5883L?HMC5883L
            CODE    C82EH     012BH     UNIT         ?PR?_SCREEROLLDOWN?DISPLAY
            CODE    C959H     0129H     UNIT         ?PR?LOG?LOG
            CODE    CA82H     0122H     UNIT         ?PR?ATAN?ATAN
            CODE    CBA4H     0120H     UNIT         ?PR?PW02INIT?PW02
            CODE    CCC4H     011FH     UNIT         ?PR?TM3_ISR?MAIN
            CODE    CDE3H     011AH     UNIT         ?PR?SENSORINIT?MAIN
            CODE    CEFDH     0114H     UNIT         ?PR?_SCREEROLLUP?DISPLAY
            CODE    D011H     0109H     UNIT         ?PR?MATRIX_GAUSSELIMINATION?ELLIPSOID_FITTING
            CODE    D11AH     0105H     UNIT         ?PR?_PCF8563READTIME?PCF8563
            CODE    D21FH     00FEH     UNIT         ?PR?BME280_CAL_MEAS_DELAY?BME280
            CODE    D31DH     00EAH     UNIT         ?PR?_ROW2_SWOP_ROW1?ELLIPSOID_FITTING
            CODE    D407H     00D8H     UNIT         ?PR?BME280READSENSORRAWDATA?BME280
            CODE    D4DFH     00D7H     UNIT         ?PR?PW02CHECKCONNECTION?PW02
            CODE    D5B6H     00D5H     UNIT         ?PR?GETBATTERYVOLTAGE?POWERMANAGE
            CODE    D68BH     00C2H     UNIT         ?PR?_PCF8563SETALARM?PCF8563
            CODE    D74DH     00BEH     UNIT         ?CO?PW02
            CODE    D80BH     00B3H     UNIT         ?PR?_LSM6DSMREADGYRANDACC?LSM6DSM
            CODE    D8BEH     00AFH     UNIT         ?PR?_RDA5807MSETFQ?RDA5807M
            CODE    D96DH     00AFH     UNIT         ?PR?_EEPROMREADCONFIGURATION?SYS
            CODE    DA1CH     00ACH     UNIT         ?PR?SQRT?SQRT
            CODE    DAC8H     00ABH     UNIT         ?PR?_RDA5807MSEEK?RDA5807M
            CODE    DB73H     00A7H     UNIT         ?PR?_ROW2_ADD_KROW1?ELLIPSOID_FITTING
            CODE    DC1AH     00A5H     UNIT         ?PR?TM4_ISR?BUZZER
            CODE    DCBFH     00A1H     UNIT         ?PR?OLED_INIT?OLED
            CODE    DD60H     009DH     UNIT         ?PR?_ATAN2?ATAN2
            CODE    DDFDH     009AH     UNIT         ?PR?EXP?EXP
            CODE    DE97H     0099H     UNIT         ?PR?_MOVEBIGGESTELEMENT_TO_TOP?ELLIPSOID_FITTING
            CODE    DF30H     0099H     UNIT         ?PR?_LSM6DSMENABLEAWT?LSM6DSM
            CODE    DFC9H     008CH     UNIT         ?C_C51STARTUP
            CODE    E055H     0080H     UNIT         ?PR?CALCDATA_INPUT_AVERAGE?ELLIPSOID_FITTING
            CODE    E0D5H     007DH     UNIT         ?PR?_CLEARCACHEAREA?DISPLAY
            CODE    E152H     007AH     UNIT         ?PR?UART2_ISR?PW02
            CODE    E1CCH     0077H     UNIT         ?PR?_PW02SETNAME?PW02
            CODE    E243H     0075H     UNIT         ?PR?_EEPROMWRITECONFIGURATION?SYS
            CODE    E2B8H     006DH     UNIT         ?PR?_SENDATCOMMAND?PW02
            CODE    E325H     006CH     UNIT         ?PR?MATRIX_ROWSIMPLIFY?ELLIPSOID_FITTING
            CODE    E391H     006BH     UNIT         ?PR?_STRCAT?STRCAT
            CODE    E3FCH     0067H     UNIT         ?PR?RDA5807MINIT?RDA5807M
            CODE    E463H     0065H     UNIT         ?PR?_PCF8563WRITEDATE?PCF8563
            CODE    E4C8H     0063H     UNIT         ?PR?_PW02SETADVT?PW02
            CODE    E52BH     0062H     UNIT         ?PR?RDA5807MREADRGES?RDA5807M
            CODE    E58DH     0061H     UNIT         ?PR?_K_MUILTPLY_ROW?ELLIPSOID_FITTING
            CODE    E5EEH     0061H     UNIT         ?PR?_SCREENREFRESHAREA?DISPLAY
            CODE    E64FH     005EH     UNIT         ?PR?_PW02SETBUAD?PW02
            CODE    E6ADH     005BH     UNIT         ?PR?_ABS?ELLIPSOID_FITTING
BL51 BANKED LINKER/LOCATER V6.22                                                      12/04/2020  22:56:49  PAGE 5


            CODE    E708H     005AH     UNIT         ?PR?LSM6DSMINIT?LSM6DSM
            CODE    E762H     005AH     UNIT         ?PR?RDA5807MWRITEREGS?RDA5807M
            CODE    E7BCH     0058H     UNIT         ?PR?BME280INIT?BME280
            CODE    E814H     0055H     UNIT         ?PR?HMC5883L_INIT?HMC5883L
            CODE    E869H     0055H     UNIT         ?PR?_DRAWDOT?DISPLAY
            CODE    E8BEH     0052H     UNIT         ?PR?_DISPLAYINIT?DISPLAY
            CODE    E910H     0050H     UNIT         ?PR?INT1_ISR?MAIN
            CODE    E960H     004DH     UNIT         ?PR?_PCF8563WRITETIME?PCF8563
            CODE    E9ADH     004DH     UNIT         ?PR?RAND?RAND
            CODE    E9FAH     004AH     UNIT         ?PR?_LSM6DSMENABLEPEDOMETER?LSM6DSM
            CODE    EA44H     004AH     UNIT         ?PR?_OLED_DRAWBMP?OLED
            CODE    EA8EH     0047H     UNIT         ?PR?_BME280GETSENSORDATA?BME280
            CODE    EAD5H     0047H     UNIT         ?PR?SYSINIT?SYS
            CODE    EB1CH     0046H     UNIT         ?PR?RESETMATRIX?ELLIPSOID_FITTING
            CODE    EB62H     0046H     UNIT         ?PR?RDA5807MGETCURRENTFQ?RDA5807M
            CODE    EBA8H     0045H     UNIT         ?PR?_EEPROM_READ_N?EEPROM
            CODE    EBEDH     0045H     UNIT         ?PR?_EEPROM_WRITE_N?EEPROM
            CODE    EC32H     0044H     UNIT         ?PR?_HMC5883L_SET_CALIBRATION_VALUE?HMC5883L
            CODE    EC76H     0044H     UNIT         ?C?LDIV
            CODE    ECBAH     003CH     UNIT         ?PR?_CLEARCACHE?DISPLAY
            CODE    ECF6H     003BH     UNIT         ?PR?ASIN?ASIN
            CODE    ED31H     003AH     UNIT         ?PR?_LSM6DSMRSETREGISTERBITS?LSM6DSM
            CODE    ED6BH     003AH     UNIT         ?PR?_PCF8563SETREGISTERBITS?PCF8563
            CODE    EDA5H     0039H     UNIT         ?PR?RDA5807MGETCURRENTRSSI?RDA5807M
            CODE    EDDEH     0039H     UNIT         ?PR?BUZZERINIT?BUZZER
            CODE    EE17H     0037H     UNIT         ?PR?_PCF8563ENABLETIMER?PCF8563
            CODE    EE4EH     0032H     UNIT         ?PR?SAVESCREEN?DISPLAY
            CODE    EE80H     0031H     UNIT         ?PR?_I2C_NOADDR_WRITE_MULTIBYTES?IIC
            CODE    EEB1H     002FH     UNIT         ?PR?PININIT?SYS
            CODE    EEE0H     002EH     UNIT         ?PR?_PW02GETRXDATA?PW02
            CODE    EF0EH     002BH     UNIT         ?PR?SYSTEMDEEPPOWERDOWN?POWERMANAGE
            CODE    EF39H     002AH     UNIT         ?PR?_I2C_READ_MULTIBYTES?IIC
            CODE    EF63H     0028H     UNIT         ?PR?PW02ENTERATMODE?PW02
            CODE    EF8BH     0028H     UNIT         ?PR?PW02EXITATMODE?PW02
            CODE    EFB3H     0028H     UNIT         ?PR?_RDA5807MSETVOLUME?RDA5807M
            CODE    EFDBH     0028H     UNIT         ?PR?I2C_RECVACK?IIC
            CODE    F003H     0027H     UNIT         ?PR?PW02GETRSSI?PW02
            CODE    F02AH     0027H     UNIT         ?PR?_BME280WRITEBYTE?BME280
            CODE    F051H     0027H     UNIT         ?PR?LSM6DSMENABLETAPDETECTION?LSM6DSM
            CODE    F078H     0027H     UNIT         ?PR?PUTCHAR?PUTCHAR
            CODE    F09FH     0026H     UNIT         ?PR?_EEPROM_SECTORERASE?EEPROM
            CODE    F0C5H     0025H     UNIT         ?PR?PCF8563DISABLEALARM?PCF8563
            CODE    F0EAH     0024H     UNIT         ?PR?_BME280SINGLEMEASUREMENT?BME280
            CODE    F10EH     0024H     UNIT         ?PR?KEYSCAN?MAIN
            CODE    F132H     0023H     UNIT         ?PR?_SINGLE_WRITEIIC?IIC
            CODE    F155H     0022H     UNIT         ?PR?WAIT?IIC
            CODE    F177H     0022H     UNIT         ?PR?INT2_ISR?MAIN
            CODE    F199H     0020H     UNIT         ?CO?ELLIPSOID_FITTING
            CODE    F1B9H     001FH     UNIT         ?PR?OLED_CLEAR?OLED
            CODE    F1D8H     001FH     UNIT         ?PR?I2C_SENDACK?IIC
            CODE    F1F7H     001FH     UNIT         ?PR?SYSTEMPOWERDOWN?POWERMANAGE
            CODE    F216H     001EH     UNIT         ?PR?_BME280SETMODE?BME280
            CODE    F234H     001EH     UNIT         ?PR?_OLED_SET_POS?OLED
            CODE    F252H     001DH     UNIT         ?PR?I2C_STOP?IIC
            CODE    F26FH     001BH     UNIT         ?PR?_ADCREAD?POWERMANAGE
            CODE    F28AH     001BH     UNIT         ?PR?TM0_ISR?MAIN
            CODE    F2A5H     001AH     UNIT         ?PR?_OLED_WR_BYTE?OLED
BL51 BANKED LINKER/LOCATER V6.22                                                      12/04/2020  22:56:49  PAGE 6


            CODE    F2BFH     001AH     UNIT         ?PR?_DELAY1MS?DELAY
            CODE    F2D9H     0019H     UNIT         ?PR?LSM6DSMGETCURRENTSTEP?LSM6DSM
            CODE    F2F2H     0019H     UNIT         ?PR?LSM6DSMRESETSTEPCOUNTER?LSM6DSM
            CODE    F30BH     0019H     UNIT         ?PR?_DELAY_MS?OLED
            CODE    F324H     0019H     UNIT         ?PR?UARTINIT?SYS
            CODE    F33DH     0017H     UNIT         ?PR?_SCREENSETDIRECTION?DISPLAY
            CODE    F354H     0016H     UNIT         ?PR?I2C_START?IIC
            CODE    F36AH     0015H     UNIT         ?PR?_BME280CONTINUOUSMEASUREMENT?BME280
            CODE    F37FH     0015H     UNIT         ?PR?_PCF8563WRITEBYTE?PCF8563
            CODE    F394H     0015H     UNIT         ?PR?_BUZZERONOFF?BUZZER
            CODE    F3A9H     0015H     UNIT         ?PR?BEE?BUZZER
            CODE    F3BEH     0014H     UNIT         ?PR?PCF8563INIT?PCF8563
            CODE    F3D2H     0013H     UNIT         ?PR?UART2INIT?SYS
            CODE    F3E5H     0012H     UNIT         ?PR?PCF8563DISABLETIMER?PCF8563
            CODE    F3F7H     0012H     UNIT         ?PR?IIC_INIT?IIC
            CODE    F409H     0012H     UNIT         ?PR?_SINGLE_READIIC?IIC
            CODE    F41BH     0011H     UNIT         ?PR?OLED_DISPLAY_ON?OLED
            CODE    F42CH     0011H     UNIT         ?PR?_OLED_HORIZENTAL_REVERSE?OLED
            CODE    F43DH     0011H     UNIT         ?PR?_OLED_VERTICAL_REVERSE?OLED
            CODE    F44EH     0011H     UNIT         ?PR?_OLED_INVERSE?OLED
            CODE    F45FH     0010H     UNIT         ?PR?CHECKHMC5883LCONNECTION?HMC5883L
            CODE    F46FH     0010H     UNIT         ?PR?LSM6DSMSOFTRESET?LSM6DSM
            CODE    F47FH     0010H     UNIT         ?PR?_PCF8563ENABLECLOCKOUPUT?PCF8563
            CODE    F48FH     0010H     UNIT         ?PR?TIMER3INIT?SYS
            CODE    F49FH     000FH     UNIT         ?PR?LSM6DSMCHECKCONNECTION?LSM6DSM
            CODE    F4AEH     000FH     UNIT         ?PR?BEEBEEBEE?BUZZER
            CODE    F4BDH     000FH     UNIT         ?PR?I2C_RECVBYTE?IIC
            CODE    F4CCH     000FH     UNIT         ?PR?I2C_SENDNAK?IIC
            CODE    F4DBH     000FH     UNIT         ?PR?INITCONFIG?SYS
            CODE    F4EAH     000EH     UNIT         ?PR?BME280CHECKCONNECTION?BME280
            CODE    F4F8H     000EH     UNIT         ?PR?BME280SOFTRESET?BME280
            CODE    F506H     000EH     UNIT         ?PR?_OLED_SET_BRIGHTNESS?OLED
            CODE    F514H     000EH     UNIT         ?PR?DISABLEEEPROM?EEPROM
            CODE    F522H     000EH     UNIT         ?PR?_I2C_SENDBYTE?IIC
            CODE    F530H     000DH     UNIT         ?PR?_LSM6DSMWRITEBYTE?LSM6DSM
            CODE    F53DH     000DH     UNIT         ?PR?_BATTERYCHARGEENABLE?POWERMANAGE
            CODE    F54AH     000DH     UNIT         ?PR?TIMER0INIT?SYS
            CODE    F557H     000CH     UNIT         ?PR?OLED_DISPLAY_OFF?OLED
            CODE    F563H     000CH     UNIT         ?PR?SYSTEMPOWERON?POWERMANAGE
            CODE    F56FH     000BH     UNIT         ?PR?_HMC5883L_SET_MODE?HMC5883L
            CODE    F57AH     000BH     UNIT         ?PR?_SCREENSETBRIGHTNESS?DISPLAY
            CODE    F585H     000AH     UNIT         ?PR?_PW02SETMODE?PW02
            CODE    F58FH     000AH     UNIT         ?PR?PCF8563READINTSRC?PCF8563
            CODE    F599H     000AH     UNIT         ?PR?RDA5807MSETMUTE?RDA5807M
            CODE    F5A3H     000AH     UNIT         ?PR?RDA5807MPOWERUP?RDA5807M
            CODE    F5ADH     000AH     UNIT         ?PR?RDA5807MPOWERDOWN?RDA5807M
            CODE    F5B7H     000AH     UNIT         ?PR?_SCREENONOFF?DISPLAY
            CODE    F5C1H     0009H     UNIT         ?PR?PW02REST?PW02
            CODE    F5CAH     0009H     UNIT         ?PR?LSM6DSMENABLEEMBEDDEDFUNC?LSM6DSM
            CODE    F5D3H     0009H     UNIT         ?PR?LSM6DSMDISABLEPEDOMETER?LSM6DSM
            CODE    F5DCH     0009H     UNIT         ?PR?PCF8563CLEARALARMFLAG?PCF8563
            CODE    F5E5H     0009H     UNIT         ?PR?PCF8563CLEARTIMERFLAG?PCF8563
            CODE    F5EEH     0009H     UNIT         ?PR?_ENABLEBUZZER?BUZZER
            CODE    F5F7H     0008H     UNIT         ?PR?_BME280READBYTE?BME280
            CODE    F5FFH     0008H     UNIT         ?PR?_HMC5883L_READ_BYTE?HMC5883L
            CODE    F607H     0008H     UNIT         ?PR?_LSM6DSMREADBYTE?LSM6DSM
            CODE    F60FH     0008H     UNIT         ?PR?_LSM6DSMCONFIGACC?LSM6DSM
BL51 BANKED LINKER/LOCATER V6.22                                                      12/04/2020  22:56:49  PAGE 7


            CODE    F617H     0008H     UNIT         ?PR?_LSM6DSMCONFIGGYR?LSM6DSM
            CODE    F61FH     0008H     UNIT         ?PR?_PCF8563READBYTE?PCF8563
            CODE    F627H     0008H     UNIT         ?PR?_LED?SYS
            CODE    F62FH     0007H     UNIT         ?PR?ADCINIT?POWERMANAGE
            CODE    F636H     0006H     UNIT         ?CO?BME280
            CODE    F63CH     0006H     UNIT         ?PR?_ENABLE3V3OUTPUT?POWERMANAGE
            CODE    F642H     0003H     UNIT         ?PR?_SCREENSETINVERSE?DISPLAY
            CODE    F645H     0003H     UNIT         ?PR?INT0_ISR?MAIN
            CODE    F648H     0003H     UNIT         ?PR?INT3_ISR?MAIN



OVERLAY MAP OF MODULE:   ..\Objects\iWatch-v1.1 (PW02)


SEGMENT                                             BIT_GROUP          DATA_GROUP          IDATA_GROUP         XDATA_GRO
>> UP
  +--> CALLED SEGMENT                            START    LENGTH     START    LENGTH     START    LENGTH     START    LE
>> NGTH
------------------------------------------------------------------------------------------------------------------------
>> ----
?PR?TM4_ISR?BUZZER                               -----    -----      -----    -----      -----    -----      -----    --
>> ---
  +--> ?PR?_BUZZERONOFF?BUZZER

*** NEW ROOT ***************************************************

?PR?TM3_ISR?MAIN                                 -----    -----      -----    -----      -----    -----      -----    --
>> ---
  +--> ?PR?MCUSOFTRESET?SYS
  +--> ?PR?KEYSCAN?MAIN
  +--> ?PR?BEE?BUZZER
  +--> ?PR?_LED?SYS

?PR?BEE?BUZZER                                   -----    -----      -----    -----      -----    -----      -----    --
>> ---
  +--> ?PR?_BUZZERONOFF?BUZZER

*** NEW ROOT ***************************************************

?PR?INT1_ISR?MAIN                                -----    -----      -----    -----      -----    -----      -----    --
>> ---
  +--> ?PR?BEE?BUZZER
  +--> ?PR?_SCREENONOFF?DISPLAY

?PR?_SCREENONOFF?DISPLAY                         -----    -----      -----    -----      -----    -----      -----    --
>> ---
  +--> ?PR?OLED_DISPLAY_ON?OLED
  +--> ?PR?OLED_DISPLAY_OFF?OLED

?PR?OLED_DISPLAY_ON?OLED                         -----    -----      -----    -----      -----    -----      -----    --
>> ---
  +--> ?PR?_OLED_WR_BYTE?OLED

?PR?OLED_DISPLAY_OFF?OLED                        -----    -----      -----    -----      -----    -----      -----    --
>> ---
  +--> ?PR?_OLED_WR_BYTE?OLED
BL51 BANKED LINKER/LOCATER V6.22                                                      12/04/2020  22:56:49  PAGE 8



*** NEW ROOT ***************************************************

?C_C51STARTUP                                    -----    -----      -----    -----      -----    -----      -----    --
>> ---
  +--> ?PR?MAIN?MAIN
  +--> ?C_INITSEG

?PR?MAIN?MAIN                                    -----    -----      -----    -----      -----    -----      0F66H    00
>> 80H
  +--> ?PR?SYSINIT?SYS
  +--> ?PR?_DISPLAYINIT?DISPLAY
  +--> ?PR?PCF8563INIT?PCF8563
  +--> ?PR?SENSORINIT?MAIN
  +--> ?PR?_CLEARCACHE?DISPLAY
  +--> ?PR?FEEDWATCHDOG?SYS
  +--> ?PR?_SCREENPUSHANIMATION?DISPLAY
  +--> ?PR?_PCF8563READTIME?PCF8563
  +--> ?PR?_DISPLAYTIME?DISPLAY
  +--> ?PR?_CLEARCACHEAREA?DISPLAY
  +--> ?CO?MAIN
  +--> ?PR?_BMPTOCACHE?DISPLAY
  +--> ?PR?PRINTF?PRINTF
  +--> ?PR?_STRCAT?STRCAT
  +--> ?PR?_SHOWSTRING?DISPLAY
  +--> ?PR?GETBATTERYLIFE?POWERMANAGE
  +--> ?PR?SAVESCREEN?DISPLAY
  +--> ?PR?_LSM6DSMCONFIGACC?LSM6DSM
  +--> ?PR?_LSM6DSMCONFIGGYR?LSM6DSM
  +--> ?PR?_LSM6DSMREADGYRANDACC?LSM6DSM
  +--> ?PR?_IMUUPDATE?LSM6DSM
  +--> ?PR?_DRAWSELECTIONFRAME?DISPLAY
  +--> ?PR?_SCREENREFRESHALL?DISPLAY
  +--> ?PR?_PCF8563ENABLECLOCKOUPUT?PCF8563
  +--> ?PR?LSM6DSMGETCURRENTSTEP?LSM6DSM
  +--> ?PR?_BME280CONTINUOUSMEASUREMENT?BME280
  +--> ?PR?_BME280GETSENSORDATA?BME280
  +--> ?PR?_POW?POW
  +--> ?PR?_BME280SETMODE?BME280
  +--> ?PR?RDA5807MPOWERUP?RDA5807M
  +--> ?PR?_RDA5807MSETFQ?RDA5807M
  +--> ?PR?_RDA5807MSETVOLUME?RDA5807M
  +--> ?PR?_RDA5807MSEEK?RDA5807M
  +--> ?PR?RDA5807MPOWERDOWN?RDA5807M
  +--> ?PR?_EEPROMWRITECONFIGURATION?SYS
  +--> ?PR?_HMC5883L_SET_MODE?HMC5883L
  +--> ?PR?_HMC5883L_SET_CALIBRATION_VALUE?H...
  +--> ?PR?_READ_HMC5883L?HMC5883L
  +--> ?PR?_HMC5883L_GET_ANGLEXY?HMC5883L
  +--> ?PR?_DRAWARM?DISPLAY
  +--> ?PR?RESETMATRIX?ELLIPSOID_FITTING
  +--> ?PR?_CALCDATA_INPUT?ELLIPSOID_FITTING
  +--> ?PR?BEE?BUZZER
  +--> ?PR?_ELLIPSOID_FITTING_PROCESS?ELLIPS...
  +--> ?PR?PW02INIT?PW02
  +--> ?PR?_PW02SETMODE?PW02
  +--> ?PR?PW02CHECKCONNECTION?PW02
BL51 BANKED LINKER/LOCATER V6.22                                                      12/04/2020  22:56:49  PAGE 9


  +--> ?PR?_PW02GETRXDATA?PW02
  +--> ?PR?PW02EXITATMODE?PW02
  +--> ?PR?_SCREENSETINVERSE?DISPLAY
  +--> ?PR?_DRAWDOT?DISPLAY
  +--> ?PR?_SCREENSETBRIGHTNESS?DISPLAY
  +--> ?PR?_LED?SYS
  +--> ?PR?_SCREEROLLDOWN?DISPLAY
  +--> ?PR?_SCREEROLLUP?DISPLAY
  +--> ?PR?_PCF8563WRITETIME?PCF8563
  +--> ?PR?_PCF8563WRITEDATE?PCF8563
  +--> ?PR?_PCF8563SETALARM?PCF8563
  +--> ?PR?PCF8563DISABLEALARM?PCF8563
  +--> ?PR?_SCREENSETDIRECTION?DISPLAY
  +--> ?PR?_ENABLEBUZZER?BUZZER
  +--> ?PR?MCUSOFTRESET?SYS
  +--> ?PR?RAND?RAND
  +--> ?PR?_SCREENONOFF?DISPLAY
  +--> ?PR?SYSTEMPOWERON?POWERMANAGE
  +--> ?PR?_PCF8563ENABLETIMER?PCF8563
  +--> ?PR?SYSTEMPOWERDOWN?POWERMANAGE
  +--> ?PR?SYSTEMDEEPPOWERDOWN?POWERMANAGE
  +--> ?PR?_ENABLE3V3OUTPUT?POWERMANAGE
  +--> ?PR?_DELAY1MS?DELAY
  +--> ?PR?PCF8563READINTSRC?PCF8563
  +--> ?PR?PCF8563CLEARALARMFLAG?PCF8563
  +--> ?PR?BEEBEEBEE?BUZZER
  +--> ?PR?PCF8563CLEARTIMERFLAG?PCF8563
  +--> ?PR?LSM6DSMRESETSTEPCOUNTER?LSM6DSM

?PR?SYSINIT?SYS                                  -----    -----      -----    -----      -----    -----      -----    --
>> ---
  +--> ?PR?PININIT?SYS
  +--> ?PR?UARTINIT?SYS
  +--> ?PR?UART2INIT?SYS
  +--> ?PR?TIMER0INIT?SYS
  +--> ?PR?TIMER3INIT?SYS
  +--> ?PR?INITCONFIG?SYS
  +--> ?PR?ADCINIT?POWERMANAGE
  +--> ?PR?IIC_INIT?IIC
  +--> ?PR?ENABLEWATCHDOG?SYS
  +--> ?PR?_EEPROMREADCONFIGURATION?SYS
  +--> ?PR?BUZZERINIT?BUZZER
  +--> ?PR?_ENABLEBUZZER?BUZZER
  +--> ?PR?_LED?SYS
  +--> ?PR?_BATTERYCHARGEENABLE?POWERMANAGE
  +--> ?PR?_DELAY1MS?DELAY
  +--> ?PR?_ENABLE3V3OUTPUT?POWERMANAGE

?PR?_EEPROMREADCONFIGURATION?SYS                 -----    -----      -----    -----      -----    -----      0FE6H    00
>> 06H
  +--> ?PR?_EEPROM_READ_N?EEPROM

?PR?_EEPROM_READ_N?EEPROM                        -----    -----      -----    -----      -----    -----      0FECH    00
>> 07H
  +--> ?PR?DISABLEEEPROM?EEPROM

?PR?_DISPLAYINIT?DISPLAY                         -----    -----      -----    -----      -----    -----      0FE6H    00
BL51 BANKED LINKER/LOCATER V6.22                                                      12/04/2020  22:56:49  PAGE 10


>> 03H
  +--> ?PR?OLED_INIT?OLED
  +--> ?PR?_SCREENSETBRIGHTNESS?DISPLAY
  +--> ?PR?_SCREENSETDIRECTION?DISPLAY
  +--> ?PR?_SCREENSETINVERSE?DISPLAY
  +--> ?PR?_SCREENONOFF?DISPLAY

?PR?OLED_INIT?OLED                               -----    -----      -----    -----      -----    -----      -----    --
>> ---
  +--> ?PR?_DELAY_MS?OLED
  +--> ?PR?_OLED_WR_BYTE?OLED
  +--> ?PR?OLED_CLEAR?OLED
  +--> ?PR?_OLED_SET_POS?OLED

?PR?OLED_CLEAR?OLED                              -----    -----      -----    -----      -----    -----      -----    --
>> ---
  +--> ?PR?_OLED_WR_BYTE?OLED

?PR?_OLED_SET_POS?OLED                           -----    -----      -----    -----      -----    -----      -----    --
>> ---
  +--> ?PR?_OLED_WR_BYTE?OLED

?PR?_SCREENSETBRIGHTNESS?DISPLAY                 -----    -----      -----    -----      -----    -----      -----    --
>> ---
  +--> ?PR?_OLED_SET_BRIGHTNESS?OLED

?PR?_OLED_SET_BRIGHTNESS?OLED                    -----    -----      -----    -----      -----    -----      -----    --
>> ---
  +--> ?PR?_OLED_WR_BYTE?OLED

?PR?_SCREENSETDIRECTION?DISPLAY                  -----    -----      -----    -----      -----    -----      -----    --
>> ---
  +--> ?PR?_OLED_HORIZENTAL_REVERSE?OLED
  +--> ?PR?_OLED_VERTICAL_REVERSE?OLED

?PR?_OLED_HORIZENTAL_REVERSE?OLED                -----    -----      -----    -----      -----    -----      -----    --
>> ---
  +--> ?PR?_OLED_WR_BYTE?OLED

?PR?_OLED_VERTICAL_REVERSE?OLED                  -----    -----      -----    -----      -----    -----      -----    --
>> ---
  +--> ?PR?_OLED_WR_BYTE?OLED

?PR?_SCREENSETINVERSE?DISPLAY                    -----    -----      -----    -----      -----    -----      -----    --
>> ---
  +--> ?PR?_OLED_INVERSE?OLED

?PR?_OLED_INVERSE?OLED                           -----    -----      -----    -----      -----    -----      -----    --
>> ---
  +--> ?PR?_OLED_WR_BYTE?OLED

?PR?PCF8563INIT?PCF8563                          -----    -----      -----    -----      -----    -----      -----    --
>> ---
  +--> ?PR?PCF8563CLEARALARMFLAG?PCF8563
  +--> ?PR?PCF8563CLEARTIMERFLAG?PCF8563
  +--> ?PR?_PCF8563ENABLETIMER?PCF8563
  +--> ?PR?_PCF8563ENABLECLOCKOUPUT?PCF8563
BL51 BANKED LINKER/LOCATER V6.22                                                      12/04/2020  22:56:49  PAGE 11



?PR?PCF8563CLEARALARMFLAG?PCF8563                -----    -----      -----    -----      -----    -----      -----    --
>> ---
  +--> ?PR?_PCF8563SETREGISTERBITS?PCF8563

?PR?_PCF8563SETREGISTERBITS?PCF8563              -----    -----      -----    -----      -----    -----      0FEEH    00
>> 03H
  +--> ?PR?_PCF8563READBYTE?PCF8563
  +--> ?PR?_PCF8563WRITEBYTE?PCF8563

?PR?_PCF8563READBYTE?PCF8563                     -----    -----      -----    -----      -----    -----      -----    --
>> ---
  +--> ?PR?_SINGLE_READIIC?IIC

?PR?_SINGLE_READIIC?IIC                          -----    -----      -----    -----      -----    -----      -----    --
>> ---
  +--> ?PR?I2C_RECVACK?IIC
  +--> ?PR?I2C_RECVBYTE?IIC
  +--> ?PR?I2C_SENDNAK?IIC
  +--> ?PR?I2C_STOP?IIC

?PR?I2C_RECVACK?IIC                              -----    -----      -----    -----      -----    -----      -----    --
>> ---
  +--> ?PR?I2C_START?IIC
  +--> ?PR?_I2C_SENDBYTE?IIC
  +--> ?PR?WAIT?IIC

?PR?I2C_START?IIC                                -----    -----      -----    -----      -----    -----      -----    --
>> ---
  +--> ?PR?WAIT?IIC

?PR?_I2C_SENDBYTE?IIC                            -----    -----      -----    -----      -----    -----      -----    --
>> ---
  +--> ?PR?WAIT?IIC

?PR?I2C_RECVBYTE?IIC                             -----    -----      -----    -----      -----    -----      -----    --
>> ---
  +--> ?PR?WAIT?IIC

?PR?I2C_SENDNAK?IIC                              -----    -----      -----    -----      -----    -----      -----    --
>> ---
  +--> ?PR?WAIT?IIC

?PR?I2C_STOP?IIC                                 -----    -----      -----    -----      -----    -----      -----    --
>> ---
  +--> ?PR?I2C_SENDNAK?IIC
  +--> ?PR?WAIT?IIC

?PR?_PCF8563WRITEBYTE?PCF8563                    -----    -----      -----    -----      -----    -----      -----    --
>> ---
  +--> ?PR?_SINGLE_WRITEIIC?IIC

?PR?_SINGLE_WRITEIIC?IIC                         -----    -----      -----    -----      -----    -----      -----    --
>> ---
  +--> ?PR?I2C_START?IIC
  +--> ?PR?_I2C_SENDBYTE?IIC
  +--> ?PR?I2C_RECVACK?IIC
BL51 BANKED LINKER/LOCATER V6.22                                                      12/04/2020  22:56:49  PAGE 12


  +--> ?PR?I2C_STOP?IIC

?PR?PCF8563CLEARTIMERFLAG?PCF8563                -----    -----      -----    -----      -----    -----      -----    --
>> ---
  +--> ?PR?_PCF8563SETREGISTERBITS?PCF8563

?PR?_PCF8563ENABLETIMER?PCF8563                  -----    -----      -----    -----      -----    -----      0FE6H    00
>> 02H
  +--> ?PR?_PCF8563SETREGISTERBITS?PCF8563
  +--> ?PR?_PCF8563WRITEBYTE?PCF8563

?PR?_PCF8563ENABLECLOCKOUPUT?PCF8563             -----    -----      -----    -----      -----    -----      -----    --
>> ---
  +--> ?PR?_PCF8563WRITEBYTE?PCF8563

?PR?SENSORINIT?MAIN                              -----    -----      -----    -----      -----    -----      0FE6H    00
>> 04H
  +--> ?PR?BME280INIT?BME280
  +--> ?CO?MAIN
  +--> ?PR?_SHOWSTRING?DISPLAY
  +--> ?PR?HMC5883L_INIT?HMC5883L
  +--> ?PR?LSM6DSMINIT?LSM6DSM
  +--> ?PR?RDA5807MINIT?RDA5807M
  +--> ?PR?_DELAY1MS?DELAY

?PR?BME280INIT?BME280                            -----    -----      -----    -----      -----    -----      0FEAH    00
>> 01H
  +--> ?PR?_DELAY1MS?DELAY
  +--> ?PR?BME280CHECKCONNECTION?BME280
  +--> ?PR?BME280SOFTRESET?BME280
  +--> ?PR?BME280READCOMPENSATIONPARAMETER?B...
  +--> ?PR?_BME280WRITEBYTE?BME280

?PR?BME280CHECKCONNECTION?BME280                 -----    -----      -----    -----      -----    -----      -----    --
>> ---
  +--> ?PR?_BME280READBYTE?BME280

?PR?_BME280READBYTE?BME280                       -----    -----      -----    -----      -----    -----      -----    --
>> ---
  +--> ?PR?_SINGLE_READIIC?IIC

?PR?BME280SOFTRESET?BME280                       -----    -----      -----    -----      -----    -----      -----    --
>> ---
  +--> ?PR?_BME280WRITEBYTE?BME280
  +--> ?PR?_DELAY1MS?DELAY

?PR?_BME280WRITEBYTE?BME280                      -----    -----      -----    -----      -----    -----      -----    --
>> ---
  +--> ?PR?_SINGLE_WRITEIIC?IIC

?PR?BME280READCOMPENSATIONPARAMETER?B...         -----    -----      -----    -----      -----    -----      0FEBH    00
>> 21H
  +--> ?PR?_I2C_READ_MULTIBYTES?IIC

?PR?_I2C_READ_MULTIBYTES?IIC                     -----    -----      -----    -----      -----    -----      100CH    00
>> 06H
  +--> ?PR?I2C_RECVACK?IIC
BL51 BANKED LINKER/LOCATER V6.22                                                      12/04/2020  22:56:49  PAGE 13


  +--> ?PR?I2C_RECVBYTE?IIC
  +--> ?PR?I2C_SENDACK?IIC
  +--> ?PR?I2C_STOP?IIC

?PR?I2C_SENDACK?IIC                              -----    -----      -----    -----      -----    -----      -----    --
>> ---
  +--> ?PR?WAIT?IIC

?PR?_SHOWSTRING?DISPLAY                          -----    -----      0025H    000AH      -----    -----      0FEAH    00
>> 0BH
  +--> ?CO?DISPLAY
  +--> ?PR?_SCREEROLLUP?DISPLAY
  +--> ?PR?_CLEARCACHE?DISPLAY
  +--> ?PR?_SCREENREFRESHAREA?DISPLAY

?PR?_SCREEROLLUP?DISPLAY                         -----    -----      002FH    0008H      -----    -----      0FF5H    00
>> 04H
  +--> ?PR?_OLED_DRAWBMP?OLED

?PR?_OLED_DRAWBMP?OLED                           -----    -----      0037H    0004H      -----    -----      -----    --
>> ---
  +--> ?PR?_OLED_WR_BYTE?OLED

?PR?_CLEARCACHE?DISPLAY                          -----    -----      002FH    0002H      -----    -----      0FF5H    00
>> 03H

?PR?_SCREENREFRESHAREA?DISPLAY                   -----    -----      002FH    0004H      -----    -----      0FF5H    00
>> 04H
  +--> ?PR?_OLED_SET_POS?OLED
  +--> ?PR?_OLED_WR_BYTE?OLED

?PR?HMC5883L_INIT?HMC5883L                       -----    -----      -----    -----      -----    -----      0FEAH    00
>> 01H
  +--> ?PR?CHECKHMC5883LCONNECTION?HMC5883L
  +--> ?PR?_DELAY1MS?DELAY
  +--> ?PR?_HMC5883L_WRITE_BYTE?HMC5883L

?PR?CHECKHMC5883LCONNECTION?HMC5883L             -----    -----      -----    -----      -----    -----      -----    --
>> ---
  +--> ?PR?_HMC5883L_READ_BYTE?HMC5883L

?PR?_HMC5883L_READ_BYTE?HMC5883L                 -----    -----      -----    -----      -----    -----      -----    --
>> ---
  +--> ?PR?_SINGLE_READIIC?IIC

?PR?_HMC5883L_WRITE_BYTE?HMC5883L                -----    -----      -----    -----      -----    -----      -----    --
>> ---
  +--> ?PR?_SINGLE_WRITEIIC?IIC

?PR?LSM6DSMINIT?LSM6DSM                          -----    -----      -----    -----      -----    -----      0FEAH    00
>> 02H
  +--> ?PR?_DELAY1MS?DELAY
  +--> ?PR?LSM6DSMCHECKCONNECTION?LSM6DSM
  +--> ?PR?LSM6DSMSOFTRESET?LSM6DSM
  +--> ?PR?_LSM6DSMCONFIGACC?LSM6DSM
  +--> ?PR?_LSM6DSMCONFIGGYR?LSM6DSM
  +--> ?PR?_LSM6DSMENABLEAWT?LSM6DSM
BL51 BANKED LINKER/LOCATER V6.22                                                      12/04/2020  22:56:49  PAGE 14


  +--> ?PR?LSM6DSMENABLETAPDETECTION?LSM6DSM
  +--> ?PR?_LSM6DSMENABLEPEDOMETER?LSM6DSM
  +--> ?PR?LSM6DSMENABLEEMBEDDEDFUNC?LSM6DSM

?PR?LSM6DSMCHECKCONNECTION?LSM6DSM               -----    -----      -----    -----      -----    -----      -----    --
>> ---
  +--> ?PR?_LSM6DSMREADBYTE?LSM6DSM

?PR?_LSM6DSMREADBYTE?LSM6DSM                     -----    -----      -----    -----      -----    -----      -----    --
>> ---
  +--> ?PR?_SINGLE_READIIC?IIC

?PR?LSM6DSMSOFTRESET?LSM6DSM                     -----    -----      -----    -----      -----    -----      -----    --
>> ---
  +--> ?PR?_LSM6DSMRSETREGISTERBITS?LSM6DSM
  +--> ?PR?_DELAY1MS?DELAY

?PR?_LSM6DSMRSETREGISTERBITS?LSM6DSM             -----    -----      -----    -----      -----    -----      0FEFH    00
>> 03H
  +--> ?PR?_LSM6DSMREADBYTE?LSM6DSM
  +--> ?PR?_LSM6DSMWRITEBYTE?LSM6DSM

?PR?_LSM6DSMWRITEBYTE?LSM6DSM                    -----    -----      -----    -----      -----    -----      -----    --
>> ---
  +--> ?PR?_SINGLE_WRITEIIC?IIC

?PR?_LSM6DSMCONFIGACC?LSM6DSM                    -----    -----      -----    -----      -----    -----      -----    --
>> ---
  +--> ?PR?_LSM6DSMWRITEBYTE?LSM6DSM

?PR?_LSM6DSMCONFIGGYR?LSM6DSM                    -----    -----      -----    -----      -----    -----      -----    --
>> ---
  +--> ?PR?_LSM6DSMWRITEBYTE?LSM6DSM

?PR?_LSM6DSMENABLEAWT?LSM6DSM                    -----    -----      -----    -----      -----    -----      0FECH    00
>> 02H
  +--> ?PR?SIN?SIN
  +--> ?PR?_LSM6DSMWRITEBYTE?LSM6DSM
  +--> ?PR?_LSM6DSMRSETREGISTERBITS?LSM6DSM

?PR?SIN?SIN                                      0022H.6  0000H.1    -----    -----      -----    -----      0FFDH    00
>> 04H

?PR?LSM6DSMENABLETAPDETECTION?LSM6DSM            -----    -----      -----    -----      -----    -----      -----    --
>> ---
  +--> ?PR?_LSM6DSMRSETREGISTERBITS?LSM6DSM
  +--> ?PR?_LSM6DSMWRITEBYTE?LSM6DSM

?PR?_LSM6DSMENABLEPEDOMETER?LSM6DSM              -----    -----      -----    -----      -----    -----      0FECH    00
>> 03H
  +--> ?PR?_LSM6DSMWRITEBYTE?LSM6DSM
  +--> ?PR?_LSM6DSMRSETREGISTERBITS?LSM6DSM

?PR?LSM6DSMENABLEEMBEDDEDFUNC?LSM6DSM            -----    -----      -----    -----      -----    -----      -----    --
>> ---
  +--> ?PR?_LSM6DSMRSETREGISTERBITS?LSM6DSM

BL51 BANKED LINKER/LOCATER V6.22                                                      12/04/2020  22:56:49  PAGE 15


?PR?RDA5807MINIT?RDA5807M                        -----    -----      -----    -----      -----    -----      -----    --
>> ---
  +--> ?PR?RDA5807MWRITEREGS?RDA5807M
  +--> ?PR?_DELAY1MS?DELAY

?PR?RDA5807MWRITEREGS?RDA5807M                   -----    -----      -----    -----      -----    -----      0FEAH    00
>> 08H
  +--> ?PR?_I2C_NOADDR_WRITE_MULTIBYTES?IIC

?PR?_I2C_NOADDR_WRITE_MULTIBYTES?IIC             -----    -----      -----    -----      -----    -----      0FF2H    00
>> 03H
  +--> ?PR?I2C_START?IIC
  +--> ?PR?_I2C_SENDBYTE?IIC
  +--> ?PR?I2C_RECVACK?IIC
  +--> ?PR?I2C_STOP?IIC

?PR?_SCREENPUSHANIMATION?DISPLAY                 -----    -----      0025H    0008H      -----    -----      0FE6H    00
>> 04H
  +--> ?PR?_OLED_DRAWBMP?OLED

?PR?_PCF8563READTIME?PCF8563                     -----    -----      -----    -----      -----    -----      0FE6H    00
>> 0AH
  +--> ?PR?_I2C_READ_MULTIBYTES?IIC

?PR?_DISPLAYTIME?DISPLAY                         -----    -----      -----    -----      -----    -----      0FE6H    00
>> 12H
  +--> ?CO?DISPLAY
  +--> ?PR?_OLED_DRAWBMP?OLED

?PR?_CLEARCACHEAREA?DISPLAY                      -----    -----      0025H    0006H      -----    -----      0FE6H    00
>> 07H

?PR?_BMPTOCACHE?DISPLAY                          -----    -----      0025H    0008H      -----    -----      0FE6H    00
>> 0BH

?PR?PRINTF?PRINTF                                0022H.6  0001H.1    0025H    0005H      -----    -----      1019H    00
>> 30H
  +--> ?PR?PUTCHAR?PUTCHAR

?PR?_STRCAT?STRCAT                               -----    -----      -----    -----      -----    -----      1006H    00
>> 09H

?PR?GETBATTERYLIFE?POWERMANAGE                   -----    -----      -----    -----      -----    -----      0FE6H    00
>> 09H
  +--> ?PR?GETBATTERYVOLTAGE?POWERMANAGE

?PR?GETBATTERYVOLTAGE?POWERMANAGE                -----    -----      -----    -----      -----    -----      0FEFH    00
>> 08H
  +--> ?PR?_ADCREAD?POWERMANAGE

?PR?SAVESCREEN?DISPLAY                           -----    -----      0025H    0002H      -----    -----      -----    --
>> ---

?PR?_LSM6DSMREADGYRANDACC?LSM6DSM                -----    -----      -----    -----      -----    -----      0FE6H    00
>> 0FH
  +--> ?PR?_I2C_READ_MULTIBYTES?IIC

BL51 BANKED LINKER/LOCATER V6.22                                                      12/04/2020  22:56:49  PAGE 16


?PR?_IMUUPDATE?LSM6DSM                           -----    -----      0025H    0004H      003BH    0030H      0FE6H    00
>> 03H
  +--> ?PR?SQRT?SQRT
  +--> ?PR?ASIN?ASIN
  +--> ?PR?ATAN?ATAN

?PR?SQRT?SQRT                                    -----    -----      -----    -----      -----    -----      1019H    00
>> 04H

?PR?ASIN?ASIN                                    -----    -----      -----    -----      -----    -----      -----    --
>> ---
  +--> ?PR?SQRT?SQRT
  +--> ?PR?ATAN?ATAN

?PR?ATAN?ATAN                                    0022H.6  0000H.2    -----    -----      -----    -----      1005H    00
>> 04H

?PR?_DRAWSELECTIONFRAME?DISPLAY                  -----    -----      -----    -----      -----    -----      -----    --
>> ---
  +--> ?PR?_DRAWDOT?DISPLAY

?PR?_SCREENREFRESHALL?DISPLAY                    -----    -----      -----    -----      -----    -----      -----    --
>> ---
  +--> ?PR?_OLED_DRAWBMP?OLED

?PR?LSM6DSMGETCURRENTSTEP?LSM6DSM                -----    -----      -----    -----      -----    -----      0FE6H    00
>> 01H
  +--> ?PR?_LSM6DSMREADBYTE?LSM6DSM

?PR?_BME280CONTINUOUSMEASUREMENT?BME280          -----    -----      -----    -----      -----    -----      -----    --
>> ---
  +--> ?PR?_BME280WRITEBYTE?BME280
  +--> ?PR?_BME280SETMODE?BME280

?PR?_BME280SETMODE?BME280                        -----    -----      -----    -----      -----    -----      -----    --
>> ---
  +--> ?PR?_BME280WRITEBYTE?BME280

?PR?_BME280GETSENSORDATA?BME280                  -----    -----      -----    -----      -----    -----      0FE6H    00
>> 03H
  +--> ?PR?BME280READSENSORRAWDATA?BME280
  +--> ?PR?COMPENSATE_TEMPERATURE?BME280
  +--> ?PR?COMPENSATE_PRESSURE?BME280
  +--> ?PR?COMPENSATE_HUMIDITY?BME280

?PR?BME280READSENSORRAWDATA?BME280               -----    -----      -----    -----      -----    -----      0FE9H    00
>> 08H
  +--> ?PR?_I2C_READ_MULTIBYTES?IIC

?PR?COMPENSATE_TEMPERATURE?BME280                -----    -----      -----    -----      -----    -----      0FE9H    00
>> 14H

?PR?COMPENSATE_PRESSURE?BME280                   -----    -----      -----    -----      -----    -----      0FE9H    00
>> 18H

?PR?COMPENSATE_HUMIDITY?BME280                   -----    -----      -----    -----      -----    -----      0FE9H    00
>> 24H
BL51 BANKED LINKER/LOCATER V6.22                                                      12/04/2020  22:56:49  PAGE 17



?PR?_POW?POW                                     -----    -----      -----    -----      -----    -----      0FE6H    00
>> 0AH
  +--> ?PR?LOG?LOG
  +--> ?PR?EXP?EXP

?PR?LOG?LOG                                      0022H.6  0000H.1    -----    -----      -----    -----      0FF0H    00
>> 04H

?PR?RDA5807MPOWERUP?RDA5807M                     -----    -----      -----    -----      -----    -----      -----    --
>> ---
  +--> ?PR?RDA5807MWRITEREGS?RDA5807M

?PR?_RDA5807MSETFQ?RDA5807M                      -----    -----      -----    -----      -----    -----      0FE6H    00
>> 04H
  +--> ?PR?RDA5807MWRITEREGS?RDA5807M
  +--> ?PR?_DELAY1MS?DELAY
  +--> ?PR?RDA5807MREADRGES?RDA5807M

?PR?RDA5807MREADRGES?RDA5807M                    -----    -----      -----    -----      -----    -----      0FEAH    00
>> 04H
  +--> ?PR?_I2C_NOADDR_READ_MULTIBYTES?IIC

?PR?_I2C_NOADDR_READ_MULTIBYTES?IIC              -----    -----      -----    -----      -----    -----      0FEEH    00
>> 03H
  +--> ?PR?I2C_START?IIC
  +--> ?PR?I2C_RECVACK?IIC
  +--> ?PR?I2C_RECVBYTE?IIC
  +--> ?PR?I2C_SENDACK?IIC
  +--> ?PR?I2C_STOP?IIC

?PR?_RDA5807MSETVOLUME?RDA5807M                  -----    -----      -----    -----      -----    -----      -----    --
>> ---
  +--> ?PR?RDA5807MWRITEREGS?RDA5807M

?PR?_RDA5807MSEEK?RDA5807M                       -----    -----      -----    -----      -----    -----      -----    --
>> ---
  +--> ?PR?RDA5807MWRITEREGS?RDA5807M
  +--> ?PR?RDA5807MREADRGES?RDA5807M

?PR?RDA5807MPOWERDOWN?RDA5807M                   -----    -----      -----    -----      -----    -----      -----    --
>> ---
  +--> ?PR?RDA5807MWRITEREGS?RDA5807M

?PR?_EEPROMWRITECONFIGURATION?SYS                -----    -----      -----    -----      -----    -----      0FE6H    00
>> 05H
  +--> ?PR?_EEPROM_SECTORERASE?EEPROM
  +--> ?PR?_EEPROM_WRITE_N?EEPROM

?PR?_EEPROM_SECTORERASE?EEPROM                   -----    -----      -----    -----      -----    -----      -----    --
>> ---
  +--> ?PR?DISABLEEEPROM?EEPROM

?PR?_EEPROM_WRITE_N?EEPROM                       -----    -----      -----    -----      -----    -----      0FEBH    00
>> 07H
  +--> ?PR?DISABLEEEPROM?EEPROM

BL51 BANKED LINKER/LOCATER V6.22                                                      12/04/2020  22:56:49  PAGE 18


?PR?_HMC5883L_SET_MODE?HMC5883L                  -----    -----      -----    -----      -----    -----      -----    --
>> ---
  +--> ?PR?_HMC5883L_WRITE_BYTE?HMC5883L

?PR?_HMC5883L_SET_CALIBRATION_VALUE?H...         -----    -----      -----    -----      -----    -----      0FE6H    00
>> 0EH

?PR?_READ_HMC5883L?HMC5883L                      -----    -----      -----    -----      -----    -----      0FE6H    00
>> 09H
  +--> ?PR?_I2C_READ_MULTIBYTES?IIC

?PR?_HMC5883L_GET_ANGLEXY?HMC5883L               -----    -----      -----    -----      -----    -----      0FE6H    00
>> 17H
  +--> ?PR?SIN?SIN
  +--> ?PR?_ATAN2?ATAN2

?PR?_ATAN2?ATAN2                                 -----    -----      -----    -----      -----    -----      0FFDH    00
>> 08H
  +--> ?PR?ATAN?ATAN

?PR?_DRAWARM?DISPLAY                             -----    -----      -----    -----      -----    -----      0FE6H    00
>> 15H
  +--> ?PR?SIN?SIN
  +--> ?PR?SQRT?SQRT
  +--> ?PR?_DRAWLINE?DISPLAY

?PR?_DRAWLINE?DISPLAY                            -----    -----      -----    -----      -----    -----      0FFBH    00
>> 0CH
  +--> ?PR?_DRAWDOT?DISPLAY

?PR?RESETMATRIX?ELLIPSOID_FITTING                -----    -----      -----    -----      -----    -----      0FE6H    00
>> 02H

?PR?_CALCDATA_INPUT?ELLIPSOID_FITTING            -----    -----      -----    -----      -----    -----      0FE6H    00
>> 2AH

?PR?_ELLIPSOID_FITTING_PROCESS?ELLIPS...         -----    -----      -----    -----      -----    -----      0FE6H    00
>> 33H
  +--> ?PR?CALCDATA_INPUT_AVERAGE?ELLIPSOID_...
  +--> ?PR?MATRIX_GAUSSELIMINATION?ELLIPSOID...
  +--> ?CO?ELLIPSOID_FITTING
  +--> ?PR?PRINTF?PRINTF
  +--> ?PR?MATRIX_ROWSIMPLIFY?ELLIPSOID_FITTING
  +--> ?PR?_MATRIX_SOLVE?ELLIPSOID_FITTING
  +--> ?PR?SQRT?SQRT

?PR?CALCDATA_INPUT_AVERAGE?ELLIPSOID_...         -----    -----      -----    -----      -----    -----      1019H    00
>> 02H

?PR?MATRIX_GAUSSELIMINATION?ELLIPSOID...         -----    -----      -----    -----      -----    -----      1019H    00
>> 06H
  +--> ?PR?_MOVEBIGGESTELEMENT_TO_TOP?ELLIPS...
  +--> ?PR?_ROW2_ADD_KROW1?ELLIPSOID_FITTING

?PR?_MOVEBIGGESTELEMENT_TO_TOP?ELLIPS...         -----    -----      -----    -----      -----    -----      101FH    00
>> 06H
  +--> ?PR?_ABS?ELLIPSOID_FITTING
BL51 BANKED LINKER/LOCATER V6.22                                                      12/04/2020  22:56:49  PAGE 19


  +--> ?PR?_ROW2_SWOP_ROW1?ELLIPSOID_FITTING

?PR?_ABS?ELLIPSOID_FITTING                       -----    -----      -----    -----      -----    -----      1025H    00
>> 04H

?PR?_ROW2_SWOP_ROW1?ELLIPSOID_FITTING            -----    -----      -----    -----      -----    -----      1025H    00
>> 09H

?PR?_ROW2_ADD_KROW1?ELLIPSOID_FITTING            -----    -----      -----    -----      -----    -----      101FH    00
>> 09H

?PR?MATRIX_ROWSIMPLIFY?ELLIPSOID_FITTING         -----    -----      -----    -----      -----    -----      1019H    00
>> 05H
  +--> ?PR?_K_MUILTPLY_ROW?ELLIPSOID_FITTING

?PR?_K_MUILTPLY_ROW?ELLIPSOID_FITTING            -----    -----      -----    -----      -----    -----      101EH    00
>> 07H

?PR?_MATRIX_SOLVE?ELLIPSOID_FITTING              -----    -----      -----    -----      -----    -----      1019H    00
>> 08H

?PR?PW02INIT?PW02                                -----    -----      -----    -----      -----    -----      0FE6H    00
>> 01H
  +--> ?PR?_DELAY1MS?DELAY
  +--> ?PR?PW02ENTERATMODE?PW02
  +--> ?PR?_SHOWSTRING?DISPLAY
  +--> ?PR?_PW02SETBUAD?PW02
  +--> ?CO?PW02
  +--> ?PR?_PW02SETNAME?PW02
  +--> ?PR?_PW02SETADVT?PW02
  +--> ?PR?PW02EXITATMODE?PW02

?PR?PW02ENTERATMODE?PW02                         -----    -----      -----    -----      -----    -----      -----    --
>> ---
  +--> ?CO?PW02
  +--> ?PR?_SENDATCOMMAND?PW02

?PR?_SENDATCOMMAND?PW02                          -----    -----      -----    -----      -----    -----      1006H    00
>> 09H
  +--> ?PR?_UART2SENDSTR?PW02
  +--> ?PR?_DELAY1MS?DELAY

?PR?_UART2SENDSTR?PW02                           -----    -----      -----    -----      -----    -----      100FH    00
>> 03H

?PR?_PW02SETBUAD?PW02                            -----    -----      -----    -----      -----    -----      0FE7H    00
>> 0DH
  +--> ?CO?PW02
  +--> ?PR?PRINTF?PRINTF
  +--> ?PR?_SENDATCOMMAND?PW02

?PR?_PW02SETNAME?PW02                            -----    -----      -----    -----      -----    -----      0FE7H    00
>> 1FH
  +--> ?CO?PW02
  +--> ?PR?_STRCAT?STRCAT
  +--> ?PR?_SENDATCOMMAND?PW02

BL51 BANKED LINKER/LOCATER V6.22                                                      12/04/2020  22:56:49  PAGE 20


?PR?_PW02SETADVT?PW02                            -----    -----      -----    -----      -----    -----      0FE7H    00
>> 12H
  +--> ?CO?PW02
  +--> ?PR?PRINTF?PRINTF
  +--> ?PR?_SENDATCOMMAND?PW02

?PR?PW02EXITATMODE?PW02                          -----    -----      -----    -----      -----    -----      -----    --
>> ---
  +--> ?CO?PW02
  +--> ?PR?_SENDATCOMMAND?PW02

?PR?PW02CHECKCONNECTION?PW02                     -----    -----      -----    -----      -----    -----      0FE6H    00
>> 01H
  +--> ?PR?_DELAY1MS?DELAY
  +--> ?PR?_CLEARCACHE?DISPLAY
  +--> ?PR?PW02ENTERATMODE?PW02
  +--> ?PR?_SHOWSTRING?DISPLAY
  +--> ?PR?PW02GETRSSI?PW02
  +--> ?PR?PW02EXITATMODE?PW02

?PR?PW02GETRSSI?PW02                             -----    -----      -----    -----      -----    -----      -----    --
>> ---
  +--> ?CO?PW02
  +--> ?PR?_SENDATCOMMAND?PW02

?PR?_PW02GETRXDATA?PW02                          -----    -----      -----    -----      -----    -----      0FE6H    00
>> 03H

?PR?_SCREEROLLDOWN?DISPLAY                       -----    -----      0025H    0008H      -----    -----      0FE6H    00
>> 04H
  +--> ?PR?_OLED_DRAWBMP?OLED

?PR?_PCF8563WRITETIME?PCF8563                    -----    -----      -----    -----      -----    -----      0FE6H    00
>> 02H
  +--> ?PR?_PCF8563WRITEBYTE?PCF8563

?PR?_PCF8563WRITEDATE?PCF8563                    -----    -----      -----    -----      -----    -----      0FE6H    00
>> 05H
  +--> ?PR?_PCF8563WRITEBYTE?PCF8563

?PR?_PCF8563SETALARM?PCF8563                     -----    -----      -----    -----      -----    -----      0FE6H    00
>> 08H
  +--> ?PR?_PCF8563WRITEBYTE?PCF8563
  +--> ?PR?_PCF8563SETREGISTERBITS?PCF8563

?PR?PCF8563DISABLEALARM?PCF8563                  -----    -----      -----    -----      -----    -----      -----    --
>> ---
  +--> ?PR?_PCF8563SETREGISTERBITS?PCF8563

?PR?SYSTEMPOWERON?POWERMANAGE                    -----    -----      -----    -----      -----    -----      -----    --
>> ---
  +--> ?PR?PININIT?SYS

?PR?PCF8563READINTSRC?PCF8563                    -----    -----      -----    -----      -----    -----      -----    --
>> ---
  +--> ?PR?_PCF8563READBYTE?PCF8563

BL51 BANKED LINKER/LOCATER V6.22                                                      12/04/2020  22:56:49  PAGE 21


?PR?LSM6DSMRESETSTEPCOUNTER?LSM6DSM              -----    -----      -----    -----      -----    -----      -----    --
>> ---
  +--> ?PR?_LSM6DSMRSETREGISTERBITS?LSM6DSM
  +--> ?PR?_DELAY1MS?DELAY



SYMBOL TABLE OF MODULE:  ..\Objects\iWatch-v1.1 (PW02)

  VALUE           TYPE          NAME
  ----------------------------------

  -------         MODULE        PW02
  C:0000H         SYMBOL        _ICE_DUMMY_
  C:E152H         PUBLIC        UART2_Isr
  D:0080H         PUBLIC        P0
  D:0090H         PUBLIC        P1
  D:00A0H         PUBLIC        P2
  D:00B0H         PUBLIC        P3
  C:D4DFH         PUBLIC        PW02CheckConnection
  D:00C0H         PUBLIC        P4
  D:00C8H         PUBLIC        P5
  D:00E8H         PUBLIC        P6
  D:00F8H         PUBLIC        P7
  X:1123H         PUBLIC        rx_buf
  D:00A8H         PUBLIC        IE
  C:005EH         PUBLIC        _Uart2SendStr
  D:00B8H         PUBLIC        IP
  C:CBA4H         PUBLIC        PW02Init
  D:00D8H         PUBLIC        CCON
  C:EF63H         PUBLIC        PW02EnterATMode
  C:F5C1H         PUBLIC        PW02Rest
  D:0098H         PUBLIC        SCON
  D:0088H         PUBLIC        TCON
  C:E64FH         PUBLIC        _PW02SetBuad
  B:0090H.6       PUBLIC        P16
  C:E1CCH         PUBLIC        _PW02SetName
  C:F585H         PUBLIC        _PW02SetMode
  C:D7D3H         SYMBOL        _?ix1000
  C:D7DFH         SYMBOL        _?ix1001
  C:D7EFH         SYMBOL        _?ix1002
  B:0023H.7       PUBLIC        busy
  C:EF8BH         PUBLIC        PW02ExitATMode
  D:009BH         PUBLIC        S2BUF
  B:0024H.0       PUBLIC        receive_flag
  B:0090H.6       PUBLIC        PW02_SLEEP
  C:E2BEH         PUBLIC        _SendATCommand
  D:009AH         PUBLIC        S2CON
  C:E4C8H         PUBLIC        _PW02SetADVT
  C:F003H         PUBLIC        PW02GetRSSI
  C:EEE0H         PUBLIC        _PW02GetRxData
  X:11A3H         PUBLIC        rx_count
  D:00D0H         PUBLIC        PSW
  -------         PROC          _UART2SENDSTR
  X:100FH         SYMBOL        p
  C:005EH         LINE#         16
  C:0069H         LINE#         17
BL51 BANKED LINKER/LOCATER V6.22                                                      12/04/2020  22:56:49  PAGE 22


  C:0069H         LINE#         18
  C:0079H         LINE#         19
  C:0079H         LINE#         20
  C:007CH         LINE#         21
  C:007EH         LINE#         22
  C:0093H         LINE#         23
  C:0095H         LINE#         24
  C:009AH         LINE#         25
  -------         ENDPROC       _UART2SENDSTR
  -------         PROC          UART2_ISR
  C:E152H         LINE#         26
  C:E15DH         LINE#         28
  C:E162H         LINE#         29
  C:E162H         LINE#         30
  C:E165H         LINE#         31
  C:E167H         LINE#         32
  C:E167H         LINE#         33
  C:E16CH         LINE#         34
  C:E16CH         LINE#         35
  C:E16FH         LINE#         36
  C:E183H         LINE#         37
  C:E195H         LINE#         38
  C:E195H         LINE#         39
  C:E1A6H         LINE#         40
  C:E1B0H         LINE#         42
  C:E1BCH         LINE#         43
  C:E1BEH         LINE#         44
  C:E1C3H         LINE#         45
  C:E1C3H         LINE#         46
  C:E1C3H         LINE#         47
  -------         ENDPROC       UART2_ISR
  -------         PROC          _PW02GETRXDATA
  X:0FE6H         SYMBOL        buf
  C:EEE0H         LINE#         48
  C:EEEBH         LINE#         49
  C:EEEBH         LINE#         50
  C:EEEEH         LINE#         51
  C:EEEEH         LINE#         52
  C:EEF0H         LINE#         53
  C:EF08H         LINE#         54
  C:EF0BH         LINE#         55
  C:EF0BH         LINE#         57
  C:EF0DH         LINE#         58
  -------         ENDPROC       _PW02GETRXDATA
  C:E2BAH         SYMBOL        L?0054
  -------         PROC          L?0053
  -------         ENDPROC       L?0053
  C:E2BAH         SYMBOL        L?0054
  -------         PROC          _SENDATCOMMAND
  X:1006H         SYMBOL        command
  X:1009H         SYMBOL        retry_times
  X:100BH         SYMBOL        expected_response
  X:100EH         SYMBOL        response_len
  C:E2BEH         LINE#         59
  C:E2D1H         LINE#         60
  C:E2D1H         LINE#         61
  C:E2D3H         LINE#         62
BL51 BANKED LINKER/LOCATER V6.22                                                      12/04/2020  22:56:49  PAGE 23


  C:E2D3H         LINE#         63
  C:E2D5H         LINE#         64
  C:E2D8H         LINE#         65
  C:E2D8H         LINE#         66
  C:E2E6H         LINE#         67
  C:E2E8H         LINE#         68
  C:E2F6H         LINE#         69
  C:E2FDH         LINE#         70
  C:E2FFH         LINE#         71
  C:E301H         LINE#         72
  C:E31FH         LINE#         73
  C:E322H         LINE#         75
  C:E324H         LINE#         76
  -------         ENDPROC       _SENDATCOMMAND
  -------         PROC          PW02ENTERATMODE
  C:EF63H         LINE#         77
  C:EF63H         LINE#         78
  C:EF63H         LINE#         79
  C:EF85H         LINE#         80
  C:EF88H         LINE#         82
  C:EF8AH         LINE#         83
  -------         ENDPROC       PW02ENTERATMODE
  -------         PROC          PW02EXITATMODE
  C:EF8BH         LINE#         84
  C:EF8BH         LINE#         85
  C:EF8BH         LINE#         86
  C:EFADH         LINE#         87
  C:EFB0H         LINE#         89
  C:EFB2H         LINE#         90
  -------         ENDPROC       PW02EXITATMODE
  -------         PROC          _PW02SETBUAD
  X:0FE7H         SYMBOL        baud_num
  -------         DO            
  X:0FE8H         SYMBOL        str
  -------         ENDDO         
  C:E64FH         LINE#         91
  C:E654H         LINE#         92
  C:E654H         LINE#         93
  C:E667H         LINE#         94
  C:E68BH         LINE#         95
  C:E6A7H         LINE#         96
  C:E6AAH         LINE#         98
  C:E6ACH         LINE#         99
  -------         ENDPROC       _PW02SETBUAD
  -------         PROC          _PW02SETADVT
  X:0FE7H         SYMBOL        time_in_ms
  -------         DO            
  X:0FE9H         SYMBOL        str
  -------         ENDDO         
  C:E4C8H         LINE#         100
  C:E4D0H         LINE#         101
  C:E4D0H         LINE#         102
  C:E4E3H         LINE#         103
  C:E509H         LINE#         104
  C:E525H         LINE#         105
  C:E528H         LINE#         107
  C:E52AH         LINE#         108
BL51 BANKED LINKER/LOCATER V6.22                                                      12/04/2020  22:56:49  PAGE 24


  -------         ENDPROC       _PW02SETADVT
  -------         PROC          _PW02SETNAME
  X:0FE7H         SYMBOL        name
  -------         DO            
  X:0FEAH         SYMBOL        str
  -------         ENDDO         
  C:E1CCH         LINE#         109
  C:E1D7H         LINE#         110
  C:E1D7H         LINE#         111
  C:E1EAH         LINE#         112
  C:E208H         LINE#         113
  C:E21FH         LINE#         114
  C:E23DH         LINE#         115
  C:E240H         LINE#         117
  C:E242H         LINE#         118
  -------         ENDPROC       _PW02SETNAME
  -------         PROC          PW02GETRSSI
  C:F003H         LINE#         119
  C:F003H         LINE#         120
  C:F003H         LINE#         121
  C:F024H         LINE#         122
  C:F027H         LINE#         124
  C:F029H         LINE#         125
  -------         ENDPROC       PW02GETRSSI
  -------         PROC          PW02REST
  C:F5C1H         LINE#         126
  C:F5C1H         LINE#         127
  C:F5C1H         LINE#         128
  -------         ENDPROC       PW02REST
  -------         PROC          _PW02SETMODE
  D:0007H         SYMBOL        mode
  C:F585H         LINE#         130
  C:F585H         LINE#         131
  C:F585H         LINE#         132
  C:F589H         LINE#         133
  C:F58CH         LINE#         135
  C:F58EH         LINE#         136
  -------         ENDPROC       _PW02SETMODE
  -------         PROC          PW02CHECKCONNECTION
  -------         DO            
  X:0FE6H         SYMBOL        y
  -------         ENDDO         
  C:D4DFH         LINE#         137
  C:D4DFH         LINE#         138
  C:D4DFH         LINE#         139
  C:D4E4H         LINE#         140
  C:D4E6H         LINE#         141
  C:D4ECH         LINE#         142
  C:D4F5H         LINE#         143
  C:D4F8H         LINE#         144
  C:D524H         LINE#         145
  C:D52DH         LINE#         146
  C:D52DH         LINE#         147
  C:D556H         LINE#         148
  C:D559H         LINE#         149
  C:D586H         LINE#         150
  C:D589H         LINE#         151
BL51 BANKED LINKER/LOCATER V6.22                                                      12/04/2020  22:56:49  PAGE 25


  C:D589H         LINE#         153
  C:D589H         LINE#         154
  C:D5B3H         LINE#         155
  C:D5B5H         LINE#         156
  C:D5B5H         LINE#         157
  -------         ENDPROC       PW02CHECKCONNECTION
  -------         PROC          PW02INIT
  -------         DO            
  X:0FE6H         SYMBOL        y
  -------         ENDDO         
  C:CBA4H         LINE#         158
  C:CBA4H         LINE#         159
  C:CBA4H         LINE#         160
  C:CBA9H         LINE#         161
  C:CBABH         LINE#         164
  C:CBADH         LINE#         165
  C:CBB3H         LINE#         166
  C:CBB9H         LINE#         167
  C:CBE8H         LINE#         169
  C:CBEBH         LINE#         170
  C:CBF0H         LINE#         171
  C:CC1DH         LINE#         172
  C:CC26H         LINE#         173
  C:CC53H         LINE#         174
  C:CC5AH         LINE#         175
  C:CC87H         LINE#         176
  C:CC8DH         LINE#         177
  C:CCBCH         LINE#         179
  C:CCBFH         LINE#         180
  C:CCC1H         LINE#         181
  C:CCC3H         LINE#         182
  -------         ENDPROC       PW02INIT
  -------         ENDMOD        PW02

  -------         MODULE        BME280
  C:0000H         SYMBOL        _ICE_DUMMY_
  D:0080H         PUBLIC        P0
  D:0090H         PUBLIC        P1
  D:00A0H         PUBLIC        P2
  D:00B0H         PUBLIC        P3
  D:00C0H         PUBLIC        P4
  D:00C8H         PUBLIC        P5
  C:F5F7H         PUBLIC        _BME280ReadByte
  D:00E8H         PUBLIC        P6
  C:E7BCH         PUBLIC        BME280Init
  D:00F8H         PUBLIC        P7
  X:126DH         PUBLIC        filter
  C:B19FH         PUBLIC        compensate_humidity
  C:EA8EH         PUBLIC        _BME280GetSensorData
  D:00A8H         PUBLIC        IE
  X:126EH         PUBLIC        dig_H1
  X:126FH         PUBLIC        dig_H2
  X:1271H         PUBLIC        dig_H3
  C:C28AH         PUBLIC        BME280ReadCompensationParameter
  X:1272H         PUBLIC        osrs_h
  X:1273H         PUBLIC        dig_H4
  X:1275H         PUBLIC        dig_H5
BL51 BANKED LINKER/LOCATER V6.22                                                      12/04/2020  22:56:49  PAGE 26


  X:1277H         PUBLIC        dig_H6
  C:F4F8H         PUBLIC        BME280SoftReset
  C:A247H         PUBLIC        compensate_pressure
  C:F044H         PUBLIC        _BME280WriteByte
  X:1278H         PUBLIC        dig_P1
  C:D407H         PUBLIC        BME280ReadSensorRawData
  X:127AH         PUBLIC        dig_P2
  X:127CH         PUBLIC        dig_P3
  D:00B8H         PUBLIC        IP
  X:127EH         PUBLIC        osrs_p
  X:127FH         PUBLIC        dig_P4
  X:1281H         PUBLIC        dig_P5
  X:1283H         PUBLIC        dig_T1
  X:1285H         PUBLIC        dig_P6
  X:1287H         PUBLIC        dig_T2
  X:1289H         PUBLIC        dig_P7
  X:128BH         PUBLIC        dig_T3
  X:128DH         PUBLIC        osrs_t
  X:128EH         PUBLIC        dig_P8
  X:1290H         PUBLIC        dig_P9
  D:00D8H         PUBLIC        CCON
  C:F216H         PUBLIC        _BME280SetMode
  X:1292H         PUBLIC        t_sb
  X:1293H         PUBLIC        spi3w_en
  X:1294H         PUBLIC        uncomp_temperature
  D:0098H         PUBLIC        SCON
  D:0088H         PUBLIC        TCON
  C:F36AH         PUBLIC        _BME280ContinuousMeasurement
  C:F636H         SYMBOL        _?ix1000
  C:BC0CH         PUBLIC        compensate_temperature
  C:F0EAH         PUBLIC        _BME280SingleMeasurement
  X:1298H         PUBLIC        uncomp_humidity
  C:F4EAH         PUBLIC        BME280CheckConnection
  X:129AH         PUBLIC        uncomp_pressure
  X:129EH         PUBLIC        BME280_mode
  X:129FH         PUBLIC        t_fine
  D:00D0H         PUBLIC        PSW
  C:D21FH         PUBLIC        BME280_cal_meas_delay
  -------         PROC          L?0043
  -------         ENDPROC       L?0043
  -------         PROC          _BME280WRITEBYTE
  D:0007H         SYMBOL        addr
  D:0006H         SYMBOL        dat
  C:F044H         LINE#         49
  C:F046H         LINE#         50
  C:F046H         LINE#         51
  -------         ENDPROC       _BME280WRITEBYTE
  -------         PROC          _BME280READBYTE
  D:0007H         SYMBOL        addr
  -------         DO            
  D:0007H         SYMBOL        temp
  -------         ENDDO         
  C:F5F7H         LINE#         58
  C:F5F7H         LINE#         59
  C:F5F7H         LINE#         61
  C:F5FEH         LINE#         62
  C:F5FEH         LINE#         63
BL51 BANKED LINKER/LOCATER V6.22                                                      12/04/2020  22:56:49  PAGE 27


  -------         ENDPROC       _BME280READBYTE
  -------         PROC          BME280CHECKCONNECTION
  C:F4EAH         LINE#         69
  C:F4EAH         LINE#         70
  C:F4EAH         LINE#         71
  C:F4F2H         LINE#         72
  C:F4F5H         LINE#         74
  C:F4F7H         LINE#         75
  -------         ENDPROC       BME280CHECKCONNECTION
  -------         PROC          BME280_CAL_MEAS_DELAY
  -------         DO            
  D:0007H         SYMBOL        max_delay
  X:12CEH         SYMBOL        temp_osr
  X:12CFH         SYMBOL        pres_osr
  X:12D0H         SYMBOL        hum_osr
  X:12D1H         SYMBOL        osr_sett_to_act_osr
  -------         ENDDO         
  C:D21FH         LINE#         81
  C:D21FH         LINE#         82
  C:D21FH         LINE#         89
  C:D232H         LINE#         92
  C:D23CH         LINE#         93
  C:D23CH         LINE#         94
  C:D24BH         LINE#         95
  C:D24DH         LINE#         97
  C:D24DH         LINE#         98
  C:D253H         LINE#         99
  C:D253H         LINE#         101
  C:D25DH         LINE#         102
  C:D25DH         LINE#         103
  C:D26CH         LINE#         104
  C:D26EH         LINE#         106
  C:D26EH         LINE#         107
  C:D274H         LINE#         108
  C:D274H         LINE#         110
  C:D27EH         LINE#         111
  C:D27EH         LINE#         112
  C:D28DH         LINE#         113
  C:D28FH         LINE#         115
  C:D28FH         LINE#         116
  C:D295H         LINE#         117
  C:D295H         LINE#         119
  C:D31AH         LINE#         121
  C:D31CH         LINE#         122
  -------         ENDPROC       BME280_CAL_MEAS_DELAY
  -------         PROC          BME280READCOMPENSATIONPARAMETER
  -------         DO            
  X:0FEBH         SYMBOL        buf1
  X:1005H         SYMBOL        buf2
  -------         ENDDO         
  C:C28AH         LINE#         129
  C:C28AH         LINE#         130
  C:C28AH         LINE#         132
  C:C2A1H         LINE#         133
  C:C2B8H         LINE#         135
  C:C2CCH         LINE#         136
  C:C2E0H         LINE#         137
BL51 BANKED LINKER/LOCATER V6.22                                                      12/04/2020  22:56:49  PAGE 28


  C:C2F4H         LINE#         138
  C:C308H         LINE#         139
  C:C31CH         LINE#         140
  C:C330H         LINE#         141
  C:C344H         LINE#         142
  C:C358H         LINE#         143
  C:C36CH         LINE#         144
  C:C380H         LINE#         145
  C:C394H         LINE#         146
  C:C3A8H         LINE#         147
  C:C3B0H         LINE#         148
  C:C3C4H         LINE#         149
  C:C3CCH         LINE#         150
  C:C3E4H         LINE#         151
  C:C401H         LINE#         152
  C:C409H         LINE#         153
  -------         ENDPROC       BME280READCOMPENSATIONPARAMETER
  -------         PROC          BME280READSENSORRAWDATA
  -------         DO            
  X:0FE9H         SYMBOL        buf
  -------         ENDDO         
  C:D407H         LINE#         159
  C:D407H         LINE#         160
  C:D407H         LINE#         162
  C:D41EH         LINE#         163
  C:D475H         LINE#         164
  C:D4CCH         LINE#         165
  C:D4DEH         LINE#         166
  -------         ENDPROC       BME280READSENSORRAWDATA
  -------         PROC          COMPENSATE_TEMPERATURE
  -------         DO            
  X:0FE9H         SYMBOL        var1
  X:0FEDH         SYMBOL        var2
  X:0FF1H         SYMBOL        temperature
  X:0FF5H         SYMBOL        temperature_min
  X:0FF9H         SYMBOL        temperature_max
  -------         ENDDO         
  C:BC0CH         LINE#         171
  C:BC0CH         LINE#         172
  C:BC0CH         LINE#         176
  C:BC16H         LINE#         177
  C:BC20H         LINE#         179
  C:BC73H         LINE#         180
  C:BC96H         LINE#         181
  C:BCE7H         LINE#         182
  C:BD24H         LINE#         183
  C:BD4CH         LINE#         184
  C:BD7BH         LINE#         185
  C:BD9CH         LINE#         186
  C:BD9CH         LINE#         187
  C:BD9FH         LINE#         188
  C:BDA1H         LINE#         189
  C:BDC4H         LINE#         190
  C:BDC4H         LINE#         191
  C:BDD8H         LINE#         192
  C:BDD8H         LINE#         193
  C:BDE6H         LINE#         194
BL51 BANKED LINKER/LOCATER V6.22                                                      12/04/2020  22:56:49  PAGE 29


  -------         ENDPROC       COMPENSATE_TEMPERATURE
  -------         PROC          COMPENSATE_PRESSURE
  -------         DO            
  X:0FE9H         SYMBOL        var1
  X:0FEDH         SYMBOL        var2
  X:0FF1H         SYMBOL        var3
  X:0FF5H         SYMBOL        pressure
  X:0FF9H         SYMBOL        pressure_min
  X:0FFDH         SYMBOL        pressure_max
  -------         ENDDO         
  C:A247H         LINE#         199
  C:A247H         LINE#         200
  C:A247H         LINE#         205
  C:A251H         LINE#         206
  C:A25BH         LINE#         208
  C:A286H         LINE#         209
  C:A2CCH         LINE#         210
  C:A319H         LINE#         211
  C:A360H         LINE#         212
  C:A39DH         LINE#         213
  C:A3DAH         LINE#         214
  C:A420H         LINE#         217
  C:A43DH         LINE#         218
  C:A43DH         LINE#         219
  C:A467H         LINE#         220
  C:A4BAH         LINE#         221
  C:A4F7H         LINE#         222
  C:A523H         LINE#         223
  C:A592H         LINE#         224
  C:A5B3H         LINE#         225
  C:A5B3H         LINE#         226
  C:A5B3H         LINE#         227
  C:A5B5H         LINE#         228
  C:A5D8H         LINE#         229
  C:A5D8H         LINE#         230
  C:A5DBH         LINE#         231
  C:A5DBH         LINE#         232
  C:A5DDH         LINE#         234
  C:A5DDH         LINE#         235
  C:A5F1H         LINE#         236
  C:A5F1H         LINE#         238
  C:A5FFH         LINE#         239
  -------         ENDPROC       COMPENSATE_PRESSURE
  -------         PROC          COMPENSATE_HUMIDITY
  -------         DO            
  X:0FE9H         SYMBOL        humidity
  X:0FEDH         SYMBOL        humidity_min
  X:0FF1H         SYMBOL        humidity_max
  X:0FF5H         SYMBOL        var1
  X:0FF9H         SYMBOL        var2
  X:0FFDH         SYMBOL        var3
  X:1001H         SYMBOL        var4
  X:1005H         SYMBOL        var5
  X:1009H         SYMBOL        var6
  -------         ENDDO         
  C:B19FH         LINE#         244
  C:B19FH         LINE#         245
BL51 BANKED LINKER/LOCATER V6.22                                                      12/04/2020  22:56:49  PAGE 30


  C:B19FH         LINE#         247
  C:B1A9H         LINE#         248
  C:B1B3H         LINE#         256
  C:B1D5H         LINE#         257
  C:B22BH         LINE#         258
  C:B24EH         LINE#         259
  C:B26AH         LINE#         260
  C:B29EH         LINE#         261
  C:B2E2H         LINE#         262
  C:B339H         LINE#         263
  C:B385H         LINE#         265
  C:B3A8H         LINE#         266
  C:B3A8H         LINE#         267
  C:B3ABH         LINE#         268
  C:B3ADH         LINE#         269
  C:B3CEH         LINE#         270
  C:B3CEH         LINE#         271
  C:B3E2H         LINE#         272
  C:B3E2H         LINE#         273
  C:B3F0H         LINE#         274
  -------         ENDPROC       COMPENSATE_HUMIDITY
  -------         PROC          _BME280GETSENSORDATA
  X:0FE6H         SYMBOL        p
  C:EA8EH         LINE#         280
  C:EA99H         LINE#         281
  C:EA99H         LINE#         282
  C:EA9CH         LINE#         283
  C:EAADH         LINE#         284
  C:EAC1H         LINE#         285
  -------         ENDPROC       _BME280GETSENSORDATA
  -------         PROC          BME280SOFTRESET
  C:F4F8H         LINE#         292
  C:F4F8H         LINE#         293
  C:F4F8H         LINE#         294
  C:F4FFH         LINE#         295
  -------         ENDPROC       BME280SOFTRESET
  -------         PROC          BME280INIT
  -------         DO            
  X:0FEAH         SYMBOL        time_out
  -------         ENDDO         
  C:E7BCH         LINE#         303
  C:E7BCH         LINE#         304
  C:E7BCH         LINE#         305
  C:E7C2H         LINE#         310
  C:E7C9H         LINE#         311
  C:E7CFH         LINE#         312
  C:E7CFH         LINE#         313
  C:E7D5H         LINE#         314
  C:E7DDH         LINE#         315
  C:E7DFH         LINE#         316
  C:E7DFH         LINE#         317
  C:E7E2H         LINE#         318
[...]


  C:3F68H         LINE#         2165
  C:3F6DH         LINE#         2166
  C:3F73H         LINE#         2167
  C:3F79H         LINE#         2168
  C:3F83H         LINE#         2169
  C:3F88H         LINE#         2170
  C:3F8EH         LINE#         2171
  C:3F94H         LINE#         2173
  C:3FA7H         LINE#         2174
  C:3FA7H         LINE#         2175
  C:3FD0H         LINE#         2176
  C:3FD0H         LINE#         2177
  C:3FD2H         LINE#         2178
  C:3FD4H         LINE#         2179
  C:3FD6H         LINE#         2180
  C:3FD6H         LINE#         2181
  C:3FDEH         LINE#         2184
  C:3FE4H         LINE#         2185
  C:3FEBH         LINE#         2186
  C:4000H         LINE#         2187
  C:4011H         LINE#         2188
  C:4024H         LINE#         2189
  C:4024H         LINE#         2190
  C:403FH         LINE#         2191
  C:4047H         LINE#         2194
  C:409AH         LINE#         2195
  C:409AH         LINE#         2196
  C:40A0H         LINE#         2197
  C:40B9H         LINE#         2198
  C:40D5H         LINE#         2199
  C:40D8H         LINE#         2200
  C:40E9H         LINE#         2201
  C:40EEH         LINE#         2202
  C:40F3H         LINE#         2203
  C:40FCH         LINE#         2204
  C:40FFH         LINE#         2205
  C:4110H         LINE#         2206
  C:4115H         LINE#         2207
  C:411AH         LINE#         2208
  C:4123H         LINE#         2209
  C:4126H         LINE#         2210
  C:4126H         LINE#         2211
  C:4131H         LINE#         2212
  C:413DH         LINE#         2213
  C:4149H         LINE#         2214
  C:4155H         LINE#         2215
  C:4162H         LINE#         2216
  C:416FH         LINE#         2217
  C:417BH         LINE#         2218
  C:4188H         LINE#         2219
  C:4195H         LINE#         2220
  C:419FH         LINE#         2221
  C:41A7H         LINE#         2222
  C:41ADH         LINE#         2223
  C:41B5H         LINE#         2224
  C:41BBH         LINE#         2225
  C:41C3H         LINE#         2226
BL51 BANKED LINKER/LOCATER V6.22                                                      12/04/2020  22:56:49  PAGE 123


  C:41C9H         LINE#         2227
  C:41D1H         LINE#         2228
  C:41DAH         LINE#         2229
  C:41DFH         LINE#         2231
  C:41E2H         LINE#         2232
  C:41E2H         LINE#         2233
  C:41E5H         LINE#         2234
  C:41E5H         LINE#         2235
  C:4209H         LINE#         2236
  C:422DH         LINE#         2237
  C:422DH         LINE#         2238
  C:4236H         LINE#         2239
  C:4236H         LINE#         2240
  C:423DH         LINE#         2241
  C:423DH         LINE#         2242
  C:4249H         LINE#         2243
  C:4249H         LINE#         2244
  C:4249H         LINE#         2245
  C:4249H         LINE#         2246
  C:424BH         LINE#         2247
  C:424DH         LINE#         2248
  C:424DH         LINE#         2249
  C:424DH         LINE#         2250
  C:424DH         LINE#         2251
  C:4250H         LINE#         2252
  C:4250H         LINE#         2253
  C:4253H         LINE#         2254
  C:4257H         LINE#         2256
  C:4259H         LINE#         2257
  C:4259H         LINE#         2258
  C:425BH         LINE#         2259
  C:425BH         LINE#         2260
  C:425BH         LINE#         2261
  C:425BH         LINE#         2262
  C:425DH         LINE#         2263
  C:425DH         LINE#         2264
  C:425DH         LINE#         2265
  C:425DH         LINE#         2266
  C:4262H         LINE#         2267
  C:4262H         LINE#         2268
  C:4265H         LINE#         2269
  C:4265H         LINE#         2270
  C:4267H         LINE#         2271
  C:426EH         LINE#         2272
  C:4275H         LINE#         2273
  C:427BH         LINE#         2274
  C:427DH         LINE#         2275
  C:427DH         LINE#         2276
  C:427DH         LINE#         2277
  C:4280H         LINE#         2278
  C:4280H         LINE#         2279
  C:4282H         LINE#         2280
  C:4285H         LINE#         2281
  C:428EH         LINE#         2282
  C:4291H         LINE#         2283
  C:4291H         LINE#         2284
  C:4293H         LINE#         2285
BL51 BANKED LINKER/LOCATER V6.22                                                      12/04/2020  22:56:49  PAGE 124


  C:429AH         LINE#         2286
  C:429CH         LINE#         2287
  C:42A1H         LINE#         2288
  C:42A3H         LINE#         2289
  C:42A5H         LINE#         2290
  C:42A8H         LINE#         2291
  C:42A8H         LINE#         2292
  C:42AAH         LINE#         2293
  C:42ACH         LINE#         2294
  C:42AFH         LINE#         2295
  C:42B4H         LINE#         2296
  C:42B6H         LINE#         2297
  C:42B8H         LINE#         2298
  C:42BAH         LINE#         2299
  C:42BDH         LINE#         2300
  C:42BDH         LINE#         2301
  C:42BFH         LINE#         2302
  C:42C1H         LINE#         2303
  C:42C4H         LINE#         2304
  C:42CDH         LINE#         2305
  C:42CFH         LINE#         2306
  C:42D2H         LINE#         2307
  C:42D7H         LINE#         2308
  C:42DEH         LINE#         2309
  C:42E0H         LINE#         2310
  C:42E0H         LINE#         2311
  C:42E7H         LINE#         2312
  C:42E7H         LINE#         2313
  C:42EAH         LINE#         2314
  C:42EAH         LINE#         2315
  C:42EDH         LINE#         2316
  C:42EDH         LINE#         2317
  C:42F2H         LINE#         2318
  C:42F4H         LINE#         2319
  C:42F4H         LINE#         2320
  C:42F4H         LINE#         2321
  C:42F7H         LINE#         2322
  C:42F7H         LINE#         2323
  C:42FAH         LINE#         2324
  C:42FAH         LINE#         2325
  C:42FDH         LINE#         2326
  C:42FDH         LINE#         2327
  C:42FDH         LINE#         2328
  C:4300H         LINE#         2329
  C:4300H         LINE#         2330
  C:4303H         LINE#         2331
  C:4303H         LINE#         2332
  C:4306H         LINE#         2333
  C:4306H         LINE#         2334
  C:430BH         LINE#         2335
  C:4312H         LINE#         2336
  C:4312H         LINE#         2337
  C:4315H         LINE#         2338
  C:4315H         LINE#         2339
  C:431CH         LINE#         2340
  C:431CH         LINE#         2341
  C:431FH         LINE#         2342
BL51 BANKED LINKER/LOCATER V6.22                                                      12/04/2020  22:56:49  PAGE 125


  C:431FH         LINE#         2343
  C:4326H         LINE#         2344
  C:4326H         LINE#         2345
  C:432CH         LINE#         2346
  C:432CH         LINE#         2348
  C:432EH         LINE#         2349
  C:4336H         LINE#         2350
  C:433FH         LINE#         2351
  C:4346H         LINE#         2352
  C:4346H         LINE#         2353
  C:4349H         LINE#         2354
  C:434BH         LINE#         2355
  C:434DH         LINE#         2356
  C:4350H         LINE#         2357
  C:4357H         LINE#         2358
  C:435FH         LINE#         2359
  C:435FH         LINE#         2360
  C:4375H         LINE#         2361
  C:437DH         LINE#         2363
  C:4383H         LINE#         2364
  C:43A3H         LINE#         2365
  C:43A5H         LINE#         2366
  C:43ADH         LINE#         2367
  C:43ADH         LINE#         2368
  C:43AFH         LINE#         2369
  C:43B2H         LINE#         2370
  C:43B2H         LINE#         2371
  C:43BBH         LINE#         2372
  C:43BBH         LINE#         2373
  C:43C5H         LINE#         2374
  C:43C5H         LINE#         2375
  C:43C8H         LINE#         2378
  C:43D1H         LINE#         2379
  C:43DDH         LINE#         2380
  C:43DDH         LINE#         2381
  C:43F3H         LINE#         2382
  C:43F3H         LINE#         2384
  C:43F9H         LINE#         2385
  C:43F9H         LINE#         2386
  C:440AH         LINE#         2387
  C:440AH         LINE#         2388
  C:445DH         LINE#         2389
  C:4465H         LINE#         2390
  C:446EH         LINE#         2391
  C:44AAH         LINE#         2392
  C:44B3H         LINE#         2393
  C:44B6H         LINE#         2394
  C:44B6H         LINE#         2395
  C:44B6H         LINE#         2396
  C:44BCH         LINE#         2397
  C:44BCH         LINE#         2398
  C:44D4H         LINE#         2399
  C:44D4H         LINE#         2400
  C:44DBH         LINE#         2401
  C:44DDH         LINE#         2402
  C:44E4H         LINE#         2403
  C:44E6H         LINE#         2404
BL51 BANKED LINKER/LOCATER V6.22                                                      12/04/2020  22:56:49  PAGE 126


  C:44E6H         LINE#         2405
  C:44E6H         LINE#         2406
  C:44E6H         LINE#         2407
  C:44E6H         LINE#         2408
  -------         ENDPROC       MAIN
  -------         ENDMOD        MAIN

  -------         MODULE        ?C?FPADD
  C:682EH         PUBLIC        ?C?FPADD
  C:682AH         PUBLIC        ?C?FPSUB
  -------         ENDMOD        ?C?FPADD

  -------         MODULE        ?C?FPMUL
  C:691FH         PUBLIC        ?C?FPMUL
  -------         ENDMOD        ?C?FPMUL

  -------         MODULE        ?C?FPDIV
  C:6A28H         PUBLIC        ?C?FPDIV
  -------         ENDMOD        ?C?FPDIV

  -------         MODULE        ?C?FPCMP
  C:6AC7H         PUBLIC        ?C?FPCMP
  C:6AC5H         PUBLIC        ?C?FPCMP3
  -------         ENDMOD        ?C?FPCMP

  -------         MODULE        ?C?FPNEG
  C:6B3EH         PUBLIC        ?C?FPNEG
  -------         ENDMOD        ?C?FPNEG

  -------         MODULE        ?C?FCAST
  C:6B59H         PUBLIC        ?C?FCASTC
  C:6B54H         PUBLIC        ?C?FCASTI
  C:6B4FH         PUBLIC        ?C?FCASTL
  -------         ENDMOD        ?C?FCAST

  -------         MODULE        ?C?CASTF
  C:6B8DH         PUBLIC        ?C?CASTF
  -------         ENDMOD        ?C?CASTF

  -------         MODULE        PRINTF
  X:1019H         PUBLIC        ?_PRINTF?BYTE
  X:1019H         PUBLIC        ?_SPRINTF?BYTE
  C:9A32H         PUBLIC        _PRINTF
  C:9A2CH         PUBLIC        _SPRINTF
  -------         ENDMOD        PRINTF

  -------         MODULE        SQRT
  C:DA20H         PUBLIC        _SQRT
  -------         ENDMOD        SQRT

  -------         MODULE        ATAN2
  X:0FFDH         PUBLIC        ?_atan2?BYTE
  C:DD60H         PUBLIC        _atan2
  -------         ENDMOD        ATAN2

  -------         MODULE        SIN
  C:C14AH         PUBLIC        _COS
BL51 BANKED LINKER/LOCATER V6.22                                                      12/04/2020  22:56:49  PAGE 127


  C:C160H         PUBLIC        _SIN
  C:C19CH         PUBLIC        _TAN
  -------         ENDMOD        SIN

  -------         MODULE        ATAN
  C:CAA2H         PUBLIC        _ATAN
  -------         ENDMOD        ATAN

  -------         MODULE        ASIN
  C:ECF6H         PUBLIC        _ASIN
  -------         ENDMOD        ASIN

  -------         MODULE        POW
  X:0FE6H         PUBLIC        ?_pow?BYTE
  C:C57DH         PUBLIC        _pow
  -------         ENDMOD        POW

  -------         MODULE        ?C?CHKFLOAT
  C:6C0EH         PUBLIC        ?C?CHKFLOAT
  -------         ENDMOD        ?C?CHKFLOAT

  -------         MODULE        ?C?FPROUND
  C:6C28H         PUBLIC        ?C?FPROUND
  -------         ENDMOD        ?C?FPROUND

  -------         MODULE        ?C?FPCONVERT
  C:6C65H         PUBLIC        ?C?FPCONVERT
  -------         ENDMOD        ?C?FPCONVERT

  -------         MODULE        EXP
  C:DE35H         PUBLIC        _EXP
  -------         ENDMOD        EXP

  -------         MODULE        LOG
  C:C98DH         PUBLIC        _LOG
  C:C989H         PUBLIC        _LOG10
  -------         ENDMOD        LOG

  -------         MODULE        ?C?FTNPWR
  C:6DE7H         PUBLIC        ?C?FTNPWR
  -------         ENDMOD        ?C?FTNPWR

  -------         MODULE        ?C?COPY
  C:6EF7H         PUBLIC        ?C?COPY
  -------         ENDMOD        ?C?COPY

  -------         MODULE        ?C?CLDPTR
  C:6F1DH         PUBLIC        ?C?CLDPTR
  -------         ENDMOD        ?C?CLDPTR

  -------         MODULE        ?C?CLDOPTR
  C:6F36H         PUBLIC        ?C?CLDOPTR
  -------         ENDMOD        ?C?CLDOPTR

  -------         MODULE        ?C?CILDOPTR
  C:6F63H         PUBLIC        ?C?CILDOPTR
  -------         ENDMOD        ?C?CILDOPTR
BL51 BANKED LINKER/LOCATER V6.22                                                      12/04/2020  22:56:49  PAGE 128



  -------         MODULE        ?C?CSTPTR
  C:6F96H         PUBLIC        ?C?CSTPTR
  -------         ENDMOD        ?C?CSTPTR

  -------         MODULE        ?C?CSTOPTR
  C:6FA8H         PUBLIC        ?C?CSTOPTR
  -------         ENDMOD        ?C?CSTOPTR

  -------         MODULE        ?C?UIDIV
  C:6FCAH         PUBLIC        ?C?UIDIV
  -------         ENDMOD        ?C?UIDIV

  -------         MODULE        ?C?SIDIV
  C:701FH         PUBLIC        ?C?SIDIV
  -------         ENDMOD        ?C?SIDIV

  -------         MODULE        ?C?IILDX
  C:7055H         PUBLIC        ?C?IILDX
  -------         ENDMOD        ?C?IILDX

  -------         MODULE        ?C?ILDIX
  C:706BH         PUBLIC        ?C?ILDIX
  -------         ENDMOD        ?C?ILDIX

  -------         MODULE        ?C?ILDPTR
  C:7081H         PUBLIC        ?C?ILDPTR
  -------         ENDMOD        ?C?ILDPTR

  -------         MODULE        ?C?ILDOPTR
  C:70ACH         PUBLIC        ?C?ILDOPTR
  -------         ENDMOD        ?C?ILDOPTR

  -------         MODULE        ?C?ISTPTR
  C:70E4H         PUBLIC        ?C?ISTPTR
  -------         ENDMOD        ?C?ISTPTR

  -------         MODULE        ?C?ISTOPTR
  C:7103H         PUBLIC        ?C?ISTOPTR
  -------         ENDMOD        ?C?ISTOPTR

  -------         MODULE        ?C?LMUL
  C:7130H         PUBLIC        ?C?LMUL
  -------         ENDMOD        ?C?LMUL

  -------         MODULE        ?C?SLDIV
  C:EC76H         PUBLIC        ?C?SLDIV
  -------         ENDMOD        ?C?SLDIV

  -------         MODULE        ?C?LNEG
  C:717FH         PUBLIC        ?C?LNEG
  -------         ENDMOD        ?C?LNEG

  -------         MODULE        ?C?SLCMP
  C:718DH         PUBLIC        ?C?SLCMP
  -------         ENDMOD        ?C?SLCMP

BL51 BANKED LINKER/LOCATER V6.22                                                      12/04/2020  22:56:49  PAGE 129


  -------         MODULE        ?C?SLSHR
  C:71A3H         PUBLIC        ?C?SLSHR
  -------         ENDMOD        ?C?SLSHR

  -------         MODULE        ?C?LSHL
  C:71B7H         PUBLIC        ?C?LSHL
  -------         ENDMOD        ?C?LSHL

  -------         MODULE        ?C?LLDPTR
  C:71CAH         PUBLIC        ?C?LLDPTR
  -------         ENDMOD        ?C?LLDPTR

  -------         MODULE        ?C?LLDOPTR
  C:71EAH         PUBLIC        ?C?LLDOPTR
  -------         ENDMOD        ?C?LLDOPTR

  -------         MODULE        ?C?LSTPTR
  C:721AH         PUBLIC        ?C?LSTPTR
  -------         ENDMOD        ?C?LSTPTR

  -------         MODULE        ?C?LSTOPTR
  C:7234H         PUBLIC        ?C?LSTOPTR
  -------         ENDMOD        ?C?LSTOPTR

  -------         MODULE        ?C?LLDIDATA
  C:7258H         PUBLIC        ?C?LLDIDATA
  -------         ENDMOD        ?C?LLDIDATA

  -------         MODULE        ?C?LLDXDATA
  C:7264H         PUBLIC        ?C?LLDXDATA
  -------         ENDMOD        ?C?LLDXDATA

  -------         MODULE        ?C?LLDCODE
  C:7270H         PUBLIC        ?C?LLDCODE
  -------         ENDMOD        ?C?LLDCODE

  -------         MODULE        ?C?LLDIDATA0
  C:7280H         PUBLIC        ?C?LLDIDATA0
  -------         ENDMOD        ?C?LLDIDATA0

  -------         MODULE        ?C?LLDXDATA0
  C:728DH         PUBLIC        ?C?LLDXDATA0
  -------         ENDMOD        ?C?LLDXDATA0

  -------         MODULE        ?C?LLDCODE0
  C:7299H         PUBLIC        ?C?LLDCODE0
  -------         ENDMOD        ?C?LLDCODE0

  -------         MODULE        ?C?LSTIDATA
  C:72A9H         PUBLIC        ?C?LSTIDATA
  -------         ENDMOD        ?C?LSTIDATA

  -------         MODULE        ?C?LSTXDATA
  C:72B5H         PUBLIC        ?C?LSTXDATA
  -------         ENDMOD        ?C?LSTXDATA

  -------         MODULE        ?C?LSTKXDATA
BL51 BANKED LINKER/LOCATER V6.22                                                      12/04/2020  22:56:49  PAGE 130


  C:72C1H         PUBLIC        ?C?LSTKXDATA
  -------         ENDMOD        ?C?LSTKXDATA

  -------         MODULE        ?C?OFFXADD
  C:72F2H         PUBLIC        ?C?OFFXADD
  -------         ENDMOD        ?C?OFFXADD

  -------         MODULE        ?C?PLDIXDATA
  C:72FEH         PUBLIC        ?C?PLDIXDATA
  -------         ENDMOD        ?C?PLDIXDATA

  -------         MODULE        ?C?PSTXDATA
  C:7315H         PUBLIC        ?C?PSTXDATA
  -------         ENDMOD        ?C?PSTXDATA

  -------         MODULE        ?C?CCASE
  C:731EH         PUBLIC        ?C?CCASE
  -------         ENDMOD        ?C?CCASE

  -------         MODULE        PUTCHAR
  C:F078H         PUBLIC        _PUTCHAR
  -------         ENDMOD        PUTCHAR

  -------         MODULE        RAND
  X:12D7H         PUBLIC        ?SRAND?BYTE
  C:E9ADH         PUBLIC        RAND
  C:E9EBH         PUBLIC        _SRAND
  -------         ENDMOD        RAND

  -------         MODULE        STRCAT
  X:1006H         PUBLIC        ?_strcat?BYTE
  C:E391H         PUBLIC        _strcat
  -------         ENDMOD        STRCAT

  -------         MODULE        ?C?STRCPY
  C:7410H         PUBLIC        ?C?STRCPY
  -------         ENDMOD        ?C?STRCPY

  -------         MODULE        ?C?MEMCMP
  C:75B3H         PUBLIC        ?C?MEMCMP
  -------         ENDMOD        ?C?MEMCMP

  -------         MODULE        ?C?ULDIV
  C:7613H         PUBLIC        ?C?ULDIV
  -------         ENDMOD        ?C?ULDIV

  -------         MODULE        ?C?LLDPDATA
  C:76A5H         PUBLIC        ?C?LLDPDATA
  -------         ENDMOD        ?C?LLDPDATA

  -------         MODULE        ?C?LSTPDATA
  C:76B1H         PUBLIC        ?C?LSTPDATA
  -------         ENDMOD        ?C?LSTPDATA

*** WARNING L16: UNCALLED SEGMENT, IGNORED FOR OVERLAY PROCESS
    SEGMENT: ?PR?PW02REST?PW02

BL51 BANKED LINKER/LOCATER V6.22                                                      12/04/2020  22:56:49  PAGE 131


*** WARNING L16: UNCALLED SEGMENT, IGNORED FOR OVERLAY PROCESS
    SEGMENT: ?PR?_BME280SINGLEMEASUREMENT?BME280

*** WARNING L16: UNCALLED SEGMENT, IGNORED FOR OVERLAY PROCESS
    SEGMENT: ?PR?LSM6DSMDISABLEPEDOMETER?LSM6DSM

*** WARNING L16: UNCALLED SEGMENT, IGNORED FOR OVERLAY PROCESS
    SEGMENT: ?PR?PCF8563DISABLETIMER?PCF8563

*** WARNING L16: UNCALLED SEGMENT, IGNORED FOR OVERLAY PROCESS
    SEGMENT: ?PR?RDA5807MGETCURRENTFQ?RDA5807M

*** WARNING L16: UNCALLED SEGMENT, IGNORED FOR OVERLAY PROCESS
    SEGMENT: ?PR?RDA5807MGETCURRENTRSSI?RDA5807M

*** WARNING L16: UNCALLED SEGMENT, IGNORED FOR OVERLAY PROCESS
    SEGMENT: ?PR?RDA5807MSETMUTE?RDA5807M

Program Size: data=121.2 xdata=4833 code=63044
LINK/LOCATE RUN COMPLETE.  7 WARNING(S),  0 ERROR(S)
